Archive member included to satisfy reference by file (symbol)

c:/st/stm32cubeide_1.11.2/stm32cubeide/plugins/com.st.stm32cube.ide.mcu.externaltools.gnu-tools-for-stm32.10.3-2021.10.win32_1.0.100.202210260954/tools/bin/../lib/gcc/arm-none-eabi/10.3.1/../../../../arm-none-eabi/lib/thumb/v7e-m+dp/hard\libc_nano.a(lib_a-errno.o)
                              ./Core/Src/syscalls.o (__errno)
c:/st/stm32cubeide_1.11.2/stm32cubeide/plugins/com.st.stm32cube.ide.mcu.externaltools.gnu-tools-for-stm32.10.3-2021.10.win32_1.0.100.202210260954/tools/bin/../lib/gcc/arm-none-eabi/10.3.1/../../../../arm-none-eabi/lib/thumb/v7e-m+dp/hard\libc_nano.a(lib_a-exit.o)
                              c:/st/stm32cubeide_1.11.2/stm32cubeide/plugins/com.st.stm32cube.ide.mcu.externaltools.gnu-tools-for-stm32.10.3-2021.10.win32_1.0.100.202210260954/tools/bin/../lib/gcc/arm-none-eabi/10.3.1/../../../../arm-none-eabi/lib/thumb/v7e-m+dp/hard/crt0.o (exit)
c:/st/stm32cubeide_1.11.2/stm32cubeide/plugins/com.st.stm32cube.ide.mcu.externaltools.gnu-tools-for-stm32.10.3-2021.10.win32_1.0.100.202210260954/tools/bin/../lib/gcc/arm-none-eabi/10.3.1/../../../../arm-none-eabi/lib/thumb/v7e-m+dp/hard\libc_nano.a(lib_a-findfp.o)
                              ./Middlewares/Third_Party/FreeRTOS/tasks.o (__sf_fake_stderr)
c:/st/stm32cubeide_1.11.2/stm32cubeide/plugins/com.st.stm32cube.ide.mcu.externaltools.gnu-tools-for-stm32.10.3-2021.10.win32_1.0.100.202210260954/tools/bin/../lib/gcc/arm-none-eabi/10.3.1/../../../../arm-none-eabi/lib/thumb/v7e-m+dp/hard\libc_nano.a(lib_a-fwalk.o)
                              c:/st/stm32cubeide_1.11.2/stm32cubeide/plugins/com.st.stm32cube.ide.mcu.externaltools.gnu-tools-for-stm32.10.3-2021.10.win32_1.0.100.202210260954/tools/bin/../lib/gcc/arm-none-eabi/10.3.1/../../../../arm-none-eabi/lib/thumb/v7e-m+dp/hard\libc_nano.a(lib_a-findfp.o) (_fwalk)
c:/st/stm32cubeide_1.11.2/stm32cubeide/plugins/com.st.stm32cube.ide.mcu.externaltools.gnu-tools-for-stm32.10.3-2021.10.win32_1.0.100.202210260954/tools/bin/../lib/gcc/arm-none-eabi/10.3.1/../../../../arm-none-eabi/lib/thumb/v7e-m+dp/hard\libc_nano.a(lib_a-impure.o)
                              c:/st/stm32cubeide_1.11.2/stm32cubeide/plugins/com.st.stm32cube.ide.mcu.externaltools.gnu-tools-for-stm32.10.3-2021.10.win32_1.0.100.202210260954/tools/bin/../lib/gcc/arm-none-eabi/10.3.1/../../../../arm-none-eabi/lib/thumb/v7e-m+dp/hard\libc_nano.a(lib_a-exit.o) (_global_impure_ptr)
c:/st/stm32cubeide_1.11.2/stm32cubeide/plugins/com.st.stm32cube.ide.mcu.externaltools.gnu-tools-for-stm32.10.3-2021.10.win32_1.0.100.202210260954/tools/bin/../lib/gcc/arm-none-eabi/10.3.1/../../../../arm-none-eabi/lib/thumb/v7e-m+dp/hard\libc_nano.a(lib_a-init.o)
                              c:/st/stm32cubeide_1.11.2/stm32cubeide/plugins/com.st.stm32cube.ide.mcu.externaltools.gnu-tools-for-stm32.10.3-2021.10.win32_1.0.100.202210260954/tools/bin/../lib/gcc/arm-none-eabi/10.3.1/../../../../arm-none-eabi/lib/thumb/v7e-m+dp/hard/crt0.o (__libc_init_array)
c:/st/stm32cubeide_1.11.2/stm32cubeide/plugins/com.st.stm32cube.ide.mcu.externaltools.gnu-tools-for-stm32.10.3-2021.10.win32_1.0.100.202210260954/tools/bin/../lib/gcc/arm-none-eabi/10.3.1/../../../../arm-none-eabi/lib/thumb/v7e-m+dp/hard\libc_nano.a(lib_a-lock.o)
                              c:/st/stm32cubeide_1.11.2/stm32cubeide/plugins/com.st.stm32cube.ide.mcu.externaltools.gnu-tools-for-stm32.10.3-2021.10.win32_1.0.100.202210260954/tools/bin/../lib/gcc/arm-none-eabi/10.3.1/../../../../arm-none-eabi/lib/thumb/v7e-m+dp/hard\libc_nano.a(lib_a-findfp.o) (__retarget_lock_init_recursive)
c:/st/stm32cubeide_1.11.2/stm32cubeide/plugins/com.st.stm32cube.ide.mcu.externaltools.gnu-tools-for-stm32.10.3-2021.10.win32_1.0.100.202210260954/tools/bin/../lib/gcc/arm-none-eabi/10.3.1/../../../../arm-none-eabi/lib/thumb/v7e-m+dp/hard\libc_nano.a(lib_a-malloc.o)
                              ./Core/Src/st7735/st7735.o (malloc)
c:/st/stm32cubeide_1.11.2/stm32cubeide/plugins/com.st.stm32cube.ide.mcu.externaltools.gnu-tools-for-stm32.10.3-2021.10.win32_1.0.100.202210260954/tools/bin/../lib/gcc/arm-none-eabi/10.3.1/../../../../arm-none-eabi/lib/thumb/v7e-m+dp/hard\libc_nano.a(lib_a-memcpy-stub.o)
                              ./Middlewares/Third_Party/FreeRTOS/cmsis_os2.o (memcpy)
c:/st/stm32cubeide_1.11.2/stm32cubeide/plugins/com.st.stm32cube.ide.mcu.externaltools.gnu-tools-for-stm32.10.3-2021.10.win32_1.0.100.202210260954/tools/bin/../lib/gcc/arm-none-eabi/10.3.1/../../../../arm-none-eabi/lib/thumb/v7e-m+dp/hard\libc_nano.a(lib_a-memset.o)
                              c:/st/stm32cubeide_1.11.2/stm32cubeide/plugins/com.st.stm32cube.ide.mcu.externaltools.gnu-tools-for-stm32.10.3-2021.10.win32_1.0.100.202210260954/tools/bin/../lib/gcc/arm-none-eabi/10.3.1/../../../../arm-none-eabi/lib/thumb/v7e-m+dp/hard/crt0.o (memset)
[...]
Memory Configuration

Name             Origin             Length             Attributes
RAM_D1           0x0000000024000000 0x0000000000080000 xrw
FLASH            0x0000000008000000 0x0000000000100000 xr
DTCMRAM          0x0000000020000000 0x0000000000020000 xrw
RAM_D2           0x0000000030000000 0x0000000000048000 xrw
RAM_D3           0x0000000038000000 0x0000000000010000 xrw
ITCMRAM          0x0000000000000000 0x0000000000010000 xrw
*default*        0x0000000000000000 0xffffffffffffffff

Linker script and memory map

LOAD c:/st/stm32cubeide_1.11.2/stm32cubeide/plugins/com.st.stm32cube.ide.mcu.externaltools.gnu-tools-for-stm32.10.3-2021.10.win32_1.0.100.202210260954/tools/bin/../lib/gcc/arm-none-eabi/10.3.1/thumb/v7e-m+dp/hard/crti.o
LOAD c:/st/stm32cubeide_1.11.2/stm32cubeide/plugins/com.st.stm32cube.ide.mcu.externaltools.gnu-tools-for-stm32.10.3-2021.10.win32_1.0.100.202210260954/tools/bin/../lib/gcc/arm-none-eabi/10.3.1/thumb/v7e-m+dp/hard/crtbegin.o
LOAD c:/st/stm32cubeide_1.11.2/stm32cubeide/plugins/com.st.stm32cube.ide.mcu.externaltools.gnu-tools-for-stm32.10.3-2021.10.win32_1.0.100.202210260954/tools/bin/../lib/gcc/arm-none-eabi/10.3.1/../../../../arm-none-eabi/lib/thumb/v7e-m+dp/hard/crt0.o
LOAD ./Common/Src/system_stm32h7xx_dualcore_boot_cm4_cm7.o
LOAD ./Core/Src/freertos.o
LOAD ./Core/Src/main.o
LOAD ./Core/Src/stm32h7xx_hal_msp.o
LOAD ./Core/Src/stm32h7xx_hal_timebase_tim.o
LOAD ./Core/Src/stm32h7xx_it.o
LOAD ./Core/Src/syscalls.o
LOAD ./Core/Src/sysmem.o
LOAD ./Core/Src/st7735/fonts.o
LOAD ./Core/Src/st7735/st7735.o
LOAD ./Core/Startup/startup_stm32h745zitx.o
LOAD ./Drivers/STM32H7xx_HAL_Driver/stm32h7xx_hal.o
LOAD ./Drivers/STM32H7xx_HAL_Driver/stm32h7xx_hal_cortex.o
LOAD ./Drivers/STM32H7xx_HAL_Driver/stm32h7xx_hal_dma.o
LOAD ./Drivers/STM32H7xx_HAL_Driver/stm32h7xx_hal_dma_ex.o
LOAD ./Drivers/STM32H7xx_HAL_Driver/stm32h7xx_hal_eth.o
LOAD ./Drivers/STM32H7xx_HAL_Driver/stm32h7xx_hal_eth_ex.o
LOAD ./Drivers/STM32H7xx_HAL_Driver/stm32h7xx_hal_exti.o
LOAD ./Drivers/STM32H7xx_HAL_Driver/stm32h7xx_hal_flash.o
LOAD ./Drivers/STM32H7xx_HAL_Driver/stm32h7xx_hal_flash_ex.o
LOAD ./Drivers/STM32H7xx_HAL_Driver/stm32h7xx_hal_gpio.o
LOAD ./Drivers/STM32H7xx_HAL_Driver/stm32h7xx_hal_hsem.o
LOAD ./Drivers/STM32H7xx_HAL_Driver/stm32h7xx_hal_i2c.o
LOAD ./Drivers/STM32H7xx_HAL_Driver/stm32h7xx_hal_i2c_ex.o
LOAD ./Drivers/STM32H7xx_HAL_Driver/stm32h7xx_hal_mdma.o
LOAD ./Drivers/STM32H7xx_HAL_Driver/stm32h7xx_hal_pwr.o
LOAD ./Drivers/STM32H7xx_HAL_Driver/stm32h7xx_hal_pwr_ex.o
LOAD ./Drivers/STM32H7xx_HAL_Driver/stm32h7xx_hal_rcc.o
LOAD ./Drivers/STM32H7xx_HAL_Driver/stm32h7xx_hal_rcc_ex.o
LOAD ./Drivers/STM32H7xx_HAL_Driver/stm32h7xx_hal_spi.o
LOAD ./Drivers/STM32H7xx_HAL_Driver/stm32h7xx_hal_spi_ex.o
LOAD ./Drivers/STM32H7xx_HAL_Driver/stm32h7xx_hal_tim.o
LOAD ./Drivers/STM32H7xx_HAL_Driver/stm32h7xx_hal_tim_ex.o
LOAD ./Drivers/STM32H7xx_HAL_Driver/stm32h7xx_hal_uart.o
LOAD ./Drivers/STM32H7xx_HAL_Driver/stm32h7xx_hal_uart_ex.o
LOAD ./Middlewares/Third_Party/FreeRTOS/cmsis_os2.o
LOAD ./Middlewares/Third_Party/FreeRTOS/croutine.o
LOAD ./Middlewares/Third_Party/FreeRTOS/event_groups.o
LOAD ./Middlewares/Third_Party/FreeRTOS/heap_4.o
LOAD ./Middlewares/Third_Party/FreeRTOS/list.o
LOAD ./Middlewares/Third_Party/FreeRTOS/port.o
LOAD ./Middlewares/Third_Party/FreeRTOS/queue.o
LOAD ./Middlewares/Third_Party/FreeRTOS/stream_buffer.o
LOAD ./Middlewares/Third_Party/FreeRTOS/tasks.o
LOAD ./Middlewares/Third_Party/FreeRTOS/timers.o
START GROUP
LOAD c:/st/stm32cubeide_1.11.2/stm32cubeide/plugins/com.st.stm32cube.ide.mcu.externaltools.gnu-tools-for-stm32.10.3-2021.10.win32_1.0.100.202210260954/tools/bin/../lib/gcc/arm-none-eabi/10.3.1/../../../../arm-none-eabi/lib/thumb/v7e-m+dp/hard\libc_nano.a
LOAD c:/st/stm32cubeide_1.11.2/stm32cubeide/plugins/com.st.stm32cube.ide.mcu.externaltools.gnu-tools-for-stm32.10.3-2021.10.win32_1.0.100.202210260954/tools/bin/../lib/gcc/arm-none-eabi/10.3.1/../../../../arm-none-eabi/lib/thumb/v7e-m+dp/hard\libm.a
END GROUP
START GROUP
LOAD c:/st/stm32cubeide_1.11.2/stm32cubeide/plugins/com.st.stm32cube.ide.mcu.externaltools.gnu-tools-for-stm32.10.3-2021.10.win32_1.0.100.202210260954/tools/bin/../lib/gcc/arm-none-eabi/10.3.1/thumb/v7e-m+dp/hard\libgcc.a
LOAD c:/st/stm32cubeide_1.11.2/stm32cubeide/plugins/com.st.stm32cube.ide.mcu.externaltools.gnu-tools-for-stm32.10.3-2021.10.win32_1.0.100.202210260954/tools/bin/../lib/gcc/arm-none-eabi/10.3.1/../../../../arm-none-eabi/lib/thumb/v7e-m+dp/hard\libc_nano.a
END GROUP
START GROUP
LOAD c:/st/stm32cubeide_1.11.2/stm32cubeide/plugins/com.st.stm32cube.ide.mcu.externaltools.gnu-tools-for-stm32.10.3-2021.10.win32_1.0.100.202210260954/tools/bin/../lib/gcc/arm-none-eabi/10.3.1/thumb/v7e-m+dp/hard\libgcc.a
LOAD c:/st/stm32cubeide_1.11.2/stm32cubeide/plugins/com.st.stm32cube.ide.mcu.externaltools.gnu-tools-for-stm32.10.3-2021.10.win32_1.0.100.202210260954/tools/bin/../lib/gcc/arm-none-eabi/10.3.1/../../../../arm-none-eabi/lib/thumb/v7e-m+dp/hard\libc_nano.a
LOAD c:/st/stm32cubeide_1.11.2/stm32cubeide/plugins/com.st.stm32cube.ide.mcu.externaltools.gnu-tools-for-stm32.10.3-2021.10.win32_1.0.100.202210260954/tools/bin/../lib/gcc/arm-none-eabi/10.3.1/../../../../arm-none-eabi/lib/thumb/v7e-m+dp/hard\libnosys.a
END GROUP
START GROUP
LOAD c:/st/stm32cubeide_1.11.2/stm32cubeide/plugins/com.st.stm32cube.ide.mcu.externaltools.gnu-tools-for-stm32.10.3-2021.10.win32_1.0.100.202210260954/tools/bin/../lib/gcc/arm-none-eabi/10.3.1/thumb/v7e-m+dp/hard\libgcc.a
LOAD c:/st/stm32cubeide_1.11.2/stm32cubeide/plugins/com.st.stm32cube.ide.mcu.externaltools.gnu-tools-for-stm32.10.3-2021.10.win32_1.0.100.202210260954/tools/bin/../lib/gcc/arm-none-eabi/10.3.1/../../../../arm-none-eabi/lib/thumb/v7e-m+dp/hard\libc_nano.a
LOAD c:/st/stm32cubeide_1.11.2/stm32cubeide/plugins/com.st.stm32cube.ide.mcu.externaltools.gnu-tools-for-stm32.10.3-2021.10.win32_1.0.100.202210260954/tools/bin/../lib/gcc/arm-none-eabi/10.3.1/../../../../arm-none-eabi/lib/thumb/v7e-m+dp/hard\libnosys.a
END GROUP
LOAD c:/st/stm32cubeide_1.11.2/stm32cubeide/plugins/com.st.stm32cube.ide.mcu.externaltools.gnu-tools-for-stm32.10.3-2021.10.win32_1.0.100.202210260954/tools/bin/../lib/gcc/arm-none-eabi/10.3.1/thumb/v7e-m+dp/hard/crtend.o
LOAD c:/st/stm32cubeide_1.11.2/stm32cubeide/plugins/com.st.stm32cube.ide.mcu.externaltools.gnu-tools-for-stm32.10.3-2021.10.win32_1.0.100.202210260954/tools/bin/../lib/gcc/arm-none-eabi/10.3.1/thumb/v7e-m+dp/hard/crtn.o
                0x0000000024080000                _estack = (ORIGIN (RAM_D1) + LENGTH (RAM_D1))
                0x0000000000000200                _Min_Heap_Size = 0x200
                0x0000000000000400                _Min_Stack_Size = 0x400

.isr_vector     0x0000000008000000      0x298
                0x0000000008000000                . = ALIGN (0x4)
 *(.isr_vector)
 .isr_vector    0x0000000008000000      0x298 ./Core/Startup/startup_stm32h745zitx.o
                0x0000000008000000                g_pfnVectors
                0x0000000008000298                . = ALIGN (0x4)

.text           0x00000000080002a0     0x9ea0
                0x00000000080002a0                . = ALIGN (0x4)
 *(.text)
 .text          0x00000000080002a0       0x40 c:/st/stm32cubeide_1.11.2/stm32cubeide/plugins/com.st.stm32cube.ide.mcu.externaltools.gnu-tools-for-stm32.10.3-2021.10.win32_1.0.100.202210260954/tools/bin/../lib/gcc/arm-none-eabi/10.3.1/thumb/v7e-m+dp/hard/crtbegin.o
 .text          0x00000000080002e0       0x30 c:/st/stm32cubeide_1.11.2/stm32cubeide/plugins/com.st.stm32cube.ide.mcu.externaltools.gnu-tools-for-stm32.10.3-2021.10.win32_1.0.100.202210260954/tools/bin/../lib/gcc/arm-none-eabi/10.3.1/thumb/v7e-m+dp/hard\libgcc.a(_aeabi_uldivmod.o)
                0x00000000080002e0                __aeabi_uldivmod
 .text          0x0000000008000310      0x2d0 c:/st/stm32cubeide_1.11.2/stm32cubeide/plugins/com.st.stm32cube.ide.mcu.externaltools.gnu-tools-for-stm32.10.3-2021.10.win32_1.0.100.202210260954/tools/bin/../lib/gcc/arm-none-eabi/10.3.1/thumb/v7e-m+dp/hard\libgcc.a(_udivmoddi4.o)
                0x0000000008000310                __udivmoddi4
 .text          0x00000000080005e0        0x4 c:/st/stm32cubeide_1.11.2/stm32cubeide/plugins/com.st.stm32cube.ide.mcu.externaltools.gnu-tools-for-stm32.10.3-2021.10.win32_1.0.100.202210260954/tools/bin/../lib/gcc/arm-none-eabi/10.3.1/thumb/v7e-m+dp/hard\libgcc.a(_dvmd_tls.o)
                0x00000000080005e0                __aeabi_idiv0
                0x00000000080005e0                __aeabi_ldiv0
 *(.text*)
 .text.SystemInit
                0x00000000080005e4      0x12c ./Common/Src/system_stm32h7xx_dualcore_boot_cm4_cm7.o
                0x00000000080005e4                SystemInit
 .text.main     0x0000000008000710      0x108 ./Core/Src/main.o
                0x0000000008000710                main
 .text.SystemClock_Config
                0x0000000008000818       0xf8 ./Core/Src/main.o
                0x0000000008000818                SystemClock_Config
 .text.MX_ETH_Init
                0x0000000008000910       0x98 ./Core/Src/main.o
 .text.MX_SPI1_Init
                0x00000000080009a8       0xac ./Core/Src/main.o
 .text.MX_USART3_UART_Init
                0x0000000008000a54       0x98 ./Core/Src/main.o
 .text.MX_GPIO_Init
                0x0000000008000aec      0x1ec ./Core/Src/main.o
 .text.StartDefaultTask
                0x0000000008000cd8       0x34 ./Core/Src/main.o
                0x0000000008000cd8                StartDefaultTask
 .text.StartTask02
                0x0000000008000d0c       0x34 ./Core/Src/main.o
                0x0000000008000d0c                StartTask02
 .text.StartTask03
                0x0000000008000d40       0x20 ./Core/Src/main.o
                0x0000000008000d40                StartTask03
 .text.HAL_TIM_PeriodElapsedCallback
                0x0000000008000d60       0x24 ./Core/Src/main.o
                0x0000000008000d60                HAL_TIM_PeriodElapsedCallback
 .text.Error_Handler
                0x0000000008000d84        0xa ./Core/Src/main.o
                0x0000000008000d84                Error_Handler
 *fill*         0x0000000008000d8e        0x2 
 .text.HAL_MspInit
                0x0000000008000d90       0x3c ./Core/Src/stm32h7xx_hal_msp.o
                0x0000000008000d90                HAL_MspInit
 .text.HAL_ETH_MspInit
                0x0000000008000dcc      0x19c ./Core/Src/stm32h7xx_hal_msp.o
                0x0000000008000dcc                HAL_ETH_MspInit
 .text.HAL_SPI_MspInit
                0x0000000008000f68      0x11c ./Core/Src/stm32h7xx_hal_msp.o
                0x0000000008000f68                HAL_SPI_MspInit
 .text.HAL_UART_MspInit
                0x0000000008001084       0xd4 ./Core/Src/stm32h7xx_hal_msp.o
                0x0000000008001084                HAL_UART_MspInit
 .text.HAL_InitTick
                0x0000000008001158       0xc0 ./Core/Src/stm32h7xx_hal_timebase_tim.o
                0x0000000008001158                HAL_InitTick
 .text.NMI_Handler
                0x0000000008001218        0x6 ./Core/Src/stm32h7xx_it.o
                0x0000000008001218                NMI_Handler
 .text.HardFault_Handler
                0x000000000800121e        0x6 ./Core/Src/stm32h7xx_it.o
                0x000000000800121e                HardFault_Handler
 .text.MemManage_Handler
                0x0000000008001224        0x6 ./Core/Src/stm32h7xx_it.o
                0x0000000008001224                MemManage_Handler
 .text.BusFault_Handler
                0x000000000800122a        0x6 ./Core/Src/stm32h7xx_it.o
                0x000000000800122a                BusFault_Handler
 .text.UsageFault_Handler
                0x0000000008001230        0x6 ./Core/Src/stm32h7xx_it.o
                0x0000000008001230                UsageFault_Handler
 .text.DebugMon_Handler
                0x0000000008001236        0xe ./Core/Src/stm32h7xx_it.o
                0x0000000008001236                DebugMon_Handler
 .text.TIM17_IRQHandler
                0x0000000008001244       0x14 ./Core/Src/stm32h7xx_it.o
                0x0000000008001244                TIM17_IRQHandler
 .text.ST7735_Select
                0x0000000008001258       0x18 ./Core/Src/st7735/st7735.o
 .text.ST7735_Unselect
                0x0000000008001270       0x18 ./Core/Src/st7735/st7735.o
                0x0000000008001270                ST7735_Unselect
 .text.ST7735_Reset
                0x0000000008001288       0x28 ./Core/Src/st7735/st7735.o
 .text.ST7735_WriteCommand
                0x00000000080012b0       0x34 ./Core/Src/st7735/st7735.o
 .text.ST7735_WriteData
                0x00000000080012e4       0x38 ./Core/Src/st7735/st7735.o
 .text.ST7735_ExecuteCommandList
                0x000000000800131c       0x92 ./Core/Src/st7735/st7735.o
 .text.ST7735_SetAddressWindow
                0x00000000080013ae       0x78 ./Core/Src/st7735/st7735.o
 *fill*         0x0000000008001426        0x2 
 .text.ST7735_Init
                0x0000000008001428       0x34 ./Core/Src/st7735/st7735.o
                0x0000000008001428                ST7735_Init
 .text.ST7735_FillRectangle
                0x000000000800145c       0xe8 ./Core/Src/st7735/st7735.o
                0x000000000800145c                ST7735_FillRectangle
 .text.ST7735_FillScreen
                0x0000000008001544       0x22 ./Core/Src/st7735/st7735.o
                0x0000000008001544                ST7735_FillScreen
 .text.ST7735_DrawImage
                0x0000000008001566       0x98 ./Core/Src/st7735/st7735.o
                0x0000000008001566                ST7735_DrawImage
 *fill*         0x00000000080015fe        0x2 
 .text.Reset_Handler
                0x0000000008001600       0x50 ./Core/Startup/startup_stm32h745zitx.o
                0x0000000008001600                Reset_Handler
 .text.Default_Handler
                0x0000000008001650        0x2 ./Core/Startup/startup_stm32h745zitx.o
                0x0000000008001650                RTC_Alarm_IRQHandler
                0x0000000008001650                EXTI2_IRQHandler
                0x0000000008001650                TIM8_CC_IRQHandler
                0x0000000008001650                HRTIM1_Master_IRQHandler
                0x0000000008001650                UART8_IRQHandler
                0x0000000008001650                SPI4_IRQHandler
                0x0000000008001650                TIM1_CC_IRQHandler
                0x0000000008001650                BDMA_Channel6_IRQHandler
                0x0000000008001650                DMA2_Stream5_IRQHandler
                0x0000000008001650                HRTIM1_FLT_IRQHandler
                0x0000000008001650                JPEG_IRQHandler
                0x0000000008001650                DMA1_Stream5_IRQHandler
                0x0000000008001650                BDMA_Channel1_IRQHandler
                0x0000000008001650                HRTIM1_TIMD_IRQHandler
                0x0000000008001650                TAMP_STAMP_IRQHandler
                0x0000000008001650                EXTI3_IRQHandler
                0x0000000008001650                LPTIM4_IRQHandler
                0x0000000008001650                TIM8_TRG_COM_TIM14_IRQHandler
                0x0000000008001650                LPTIM2_IRQHandler
                0x0000000008001650                DFSDM1_FLT1_IRQHandler
                0x0000000008001650                DMAMUX2_OVR_IRQHandler
                0x0000000008001650                TIM8_UP_TIM13_IRQHandler
                0x0000000008001650                I2C3_ER_IRQHandler
                0x0000000008001650                DFSDM1_FLT2_IRQHandler
                0x0000000008001650                MDMA_IRQHandler
                0x0000000008001650                LPTIM3_IRQHandler
                0x0000000008001650                HSEM1_IRQHandler
                0x0000000008001650                EXTI0_IRQHandler
                0x0000000008001650                I2C2_EV_IRQHandler
                0x0000000008001650                DMA1_Stream2_IRQHandler
                0x0000000008001650                FPU_IRQHandler
                0x0000000008001650                OTG_HS_WKUP_IRQHandler
                0x0000000008001650                FDCAN1_IT1_IRQHandler
                0x0000000008001650                LTDC_ER_IRQHandler
                0x0000000008001650                DMA2_Stream2_IRQHandler
                0x0000000008001650                HRTIM1_TIME_IRQHandler
                0x0000000008001650                SPI1_IRQHandler
                0x0000000008001650                TIM6_DAC_IRQHandler
                0x0000000008001650                DCMI_IRQHandler
                0x0000000008001650                HRTIM1_TIMC_IRQHandler
                0x0000000008001650                DMA2_Stream3_IRQHandler
                0x0000000008001650                SAI2_IRQHandler
                0x0000000008001650                DFSDM1_FLT3_IRQHandler
                0x0000000008001650                USART6_IRQHandler
                0x0000000008001650                USART3_IRQHandler
                0x0000000008001650                BDMA_Channel7_IRQHandler
                0x0000000008001650                LPTIM5_IRQHandler
                0x0000000008001650                UART5_IRQHandler
                0x0000000008001650                ADC3_IRQHandler
                0x0000000008001650                DMA2_Stream0_IRQHandler
                0x0000000008001650                TIM4_IRQHandler
                0x0000000008001650                BDMA_Channel2_IRQHandler
                0x0000000008001650                QUADSPI_IRQHandler
                0x0000000008001650                I2C1_EV_IRQHandler
                0x0000000008001650                DMA1_Stream6_IRQHandler
                0x0000000008001650                DMAMUX1_OVR_IRQHandler
                0x0000000008001650                DMA1_Stream1_IRQHandler
                0x0000000008001650                TIM16_IRQHandler
                0x0000000008001650                UART4_IRQHandler
                0x0000000008001650                BDMA_Channel5_IRQHandler
                0x0000000008001650                TIM3_IRQHandler
                0x0000000008001650                RCC_IRQHandler
                0x0000000008001650                TIM8_BRK_TIM12_IRQHandler
                0x0000000008001650                TIM1_TRG_COM_IRQHandler
                0x0000000008001650                Default_Handler
                0x0000000008001650                ECC_IRQHandler
                0x0000000008001650                CEC_IRQHandler
                0x0000000008001650                EXTI15_10_IRQHandler
                0x0000000008001650                BDMA_Channel0_IRQHandler
                0x0000000008001650                ADC_IRQHandler
                0x0000000008001650                DMA1_Stream7_IRQHandler
                0x0000000008001650                HRTIM1_TIMA_IRQHandler
                0x0000000008001650                SPI5_IRQHandler
                0x0000000008001650                TIM7_IRQHandler
                0x0000000008001650                SDMMC1_IRQHandler
                0x0000000008001650                TIM5_IRQHandler
                0x0000000008001650                DMA2_Stream7_IRQHandler
                0x0000000008001650                TIM15_IRQHandler
                0x0000000008001650                PVD_AVD_IRQHandler
                0x0000000008001650                I2C3_EV_IRQHandler
                0x0000000008001650                EXTI9_5_IRQHandler
                0x0000000008001650                RTC_WKUP_IRQHandler
                0x0000000008001650                LTDC_IRQHandler
                0x0000000008001650                SAI3_IRQHandler
                0x0000000008001650                ETH_WKUP_IRQHandler
                0x0000000008001650                SPDIF_RX_IRQHandler
                0x0000000008001650                SPI2_IRQHandler
                0x0000000008001650                OTG_HS_EP1_IN_IRQHandler
                0x0000000008001650                DMA1_Stream0_IRQHandler
                0x0000000008001650                CRS_IRQHandler
                0x0000000008001650                CM7_SEV_IRQHandler
                0x0000000008001650                EXTI4_IRQHandler
                0x0000000008001650                RNG_IRQHandler
                0x0000000008001650                CM4_SEV_IRQHandler
                0x0000000008001650                HRTIM1_TIMB_IRQHandler
                0x0000000008001650                FDCAN2_IT1_IRQHandler
                0x0000000008001650                ETH_IRQHandler
                0x0000000008001650                TIM1_UP_IRQHandler
                0x0000000008001650                WWDG_RST_IRQHandler
                0x0000000008001650                BDMA_Channel4_IRQHandler
                0x0000000008001650                OTG_HS_EP1_OUT_IRQHandler
                0x0000000008001650                WWDG_IRQHandler
                0x0000000008001650                SPI6_IRQHandler
                0x0000000008001650                MDIOS_IRQHandler
                0x0000000008001650                I2C4_EV_IRQHandler
                0x0000000008001650                FDCAN2_IT0_IRQHandler
                0x0000000008001650                LPUART1_IRQHandler
                0x0000000008001650                FDCAN1_IT0_IRQHandler
                0x0000000008001650                TIM2_IRQHandler
                0x0000000008001650                OTG_FS_WKUP_IRQHandler
                0x0000000008001650                OTG_HS_IRQHandler
                0x0000000008001650                HSEM2_IRQHandler
                0x0000000008001650                DMA2D_IRQHandler
                0x0000000008001650                TIM1_BRK_IRQHandler
                0x0000000008001650                EXTI1_IRQHandler
                0x0000000008001650                SDMMC2_IRQHandler
                0x0000000008001650                OTG_FS_EP1_OUT_IRQHandler
                0x0000000008001650                BDMA_Channel3_IRQHandler
                0x0000000008001650                HOLD_CORE_IRQHandler
                0x0000000008001650                UART7_IRQHandler
                0x0000000008001650                MDIOS_WKUP_IRQHandler
                0x0000000008001650                USART2_IRQHandler
                0x0000000008001650                DFSDM1_FLT0_IRQHandler
                0x0000000008001650                SAI4_IRQHandler
                0x0000000008001650                I2C2_ER_IRQHandler
                0x0000000008001650                DMA2_Stream1_IRQHandler
                0x0000000008001650                FLASH_IRQHandler
                0x0000000008001650                DMA2_Stream4_IRQHandler
                0x0000000008001650                USART1_IRQHandler
                0x0000000008001650                OTG_FS_IRQHandler
                0x0000000008001650                SPI3_IRQHandler
                0x0000000008001650                WAKEUP_PIN_IRQHandler
                0x0000000008001650                DMA1_Stream4_IRQHandler
                0x0000000008001650                OTG_FS_EP1_IN_IRQHandler
                0x0000000008001650                I2C1_ER_IRQHandler
                0x0000000008001650                FMC_IRQHandler
                0x0000000008001650                FDCAN_CAL_IRQHandler
                0x0000000008001650                SWPMI1_IRQHandler
                0x0000000008001650                COMP1_IRQHandler
                0x0000000008001650                LPTIM1_IRQHandler
                0x0000000008001650                I2C4_ER_IRQHandler
                0x0000000008001650                DMA2_Stream6_IRQHandler
                0x0000000008001650                SAI1_IRQHandler
                0x0000000008001650                DMA1_Stream3_IRQHandler
 *fill*         0x0000000008001652        0x2 
 .text.HAL_Init
                0x0000000008001654       0x78 ./Drivers/STM32H7xx_HAL_Driver/stm32h7xx_hal.o
                0x0000000008001654                HAL_Init
 .text.HAL_IncTick
                0x00000000080016cc       0x28 ./Drivers/STM32H7xx_HAL_Driver/stm32h7xx_hal.o
                0x00000000080016cc                HAL_IncTick
 .text.HAL_GetTick
                0x00000000080016f4       0x18 ./Drivers/STM32H7xx_HAL_Driver/stm32h7xx_hal.o
                0x00000000080016f4                HAL_GetTick
 .text.HAL_Delay
                0x000000000800170c       0x48 ./Drivers/STM32H7xx_HAL_Driver/stm32h7xx_hal.o
                0x000000000800170c                HAL_Delay
 .text.HAL_GetREVID
                0x0000000008001754       0x18 ./Drivers/STM32H7xx_HAL_Driver/stm32h7xx_hal.o
                0x0000000008001754                HAL_GetREVID
 .text.HAL_SYSCFG_ETHInterfaceSelect
                0x000000000800176c       0x28 ./Drivers/STM32H7xx_HAL_Driver/stm32h7xx_hal.o
                0x000000000800176c                HAL_SYSCFG_ETHInterfaceSelect
 .text.__NVIC_SetPriorityGrouping
                0x0000000008001794       0x48 ./Drivers/STM32H7xx_HAL_Driver/stm32h7xx_hal_cortex.o
 .text.__NVIC_GetPriorityGrouping
                0x00000000080017dc       0x1c ./Drivers/STM32H7xx_HAL_Driver/stm32h7xx_hal_cortex.o
 .text.__NVIC_EnableIRQ
                0x00000000080017f8       0x3c ./Drivers/STM32H7xx_HAL_Driver/stm32h7xx_hal_cortex.o
 .text.__NVIC_SetPriority
                0x0000000008001834       0x54 ./Drivers/STM32H7xx_HAL_Driver/stm32h7xx_hal_cortex.o
 .text.NVIC_EncodePriority
                0x0000000008001888       0x66 ./Drivers/STM32H7xx_HAL_Driver/stm32h7xx_hal_cortex.o
 .text.HAL_NVIC_SetPriorityGrouping
                0x00000000080018ee       0x16 ./Drivers/STM32H7xx_HAL_Driver/stm32h7xx_hal_cortex.o
                0x00000000080018ee                HAL_NVIC_SetPriorityGrouping
 .text.HAL_NVIC_SetPriority
                0x0000000008001904       0x34 ./Drivers/STM32H7xx_HAL_Driver/stm32h7xx_hal_cortex.o
                0x0000000008001904                HAL_NVIC_SetPriority
 .text.HAL_NVIC_EnableIRQ
                0x0000000008001938       0x1c ./Drivers/STM32H7xx_HAL_Driver/stm32h7xx_hal_cortex.o
                0x0000000008001938                HAL_NVIC_EnableIRQ
 .text.HAL_ETH_Init
                0x0000000008001954      0x1cc ./Drivers/STM32H7xx_HAL_Driver/stm32h7xx_hal_eth.o
                0x0000000008001954                HAL_ETH_Init
 .text.HAL_ETH_SetMDIOClockRange
                0x0000000008001b20       0xb0 ./Drivers/STM32H7xx_HAL_Driver/stm32h7xx_hal_eth.o
                0x0000000008001b20                HAL_ETH_SetMDIOClockRange
 .text.ETH_SetMACConfig
                0x0000000008001bd0      0x238 ./Drivers/STM32H7xx_HAL_Driver/stm32h7xx_hal_eth.o
 .text.ETH_SetDMAConfig
                0x0000000008001e08      0x10c ./Drivers/STM32H7xx_HAL_Driver/stm32h7xx_hal_eth.o
 .text.ETH_MACDMAConfig
                0x0000000008001f14      0x13a ./Drivers/STM32H7xx_HAL_Driver/stm32h7xx_hal_eth.o
 .text.ETH_DMATxDescListInit
                0x000000000800204e       0x92 ./Drivers/STM32H7xx_HAL_Driver/stm32h7xx_hal_eth.o
 .text.ETH_DMARxDescListInit
                0x00000000080020e0       0xba ./Drivers/STM32H7xx_HAL_Driver/stm32h7xx_hal_eth.o
 *fill*         0x000000000800219a        0x2 
 .text.HAL_GPIO_Init
                0x000000000800219c      0x360 ./Drivers/STM32H7xx_HAL_Driver/stm32h7xx_hal_gpio.o
                0x000000000800219c                HAL_GPIO_Init
 .text.HAL_GPIO_WritePin
                0x00000000080024fc       0x32 ./Drivers/STM32H7xx_HAL_Driver/stm32h7xx_hal_gpio.o
                0x00000000080024fc                HAL_GPIO_WritePin
 .text.HAL_GPIO_TogglePin
                0x000000000800252e       0x34 ./Drivers/STM32H7xx_HAL_Driver/stm32h7xx_hal_gpio.o
                0x000000000800252e                HAL_GPIO_TogglePin
 *fill*         0x0000000008002562        0x2 
 .text.HAL_HSEM_FastTake
                0x0000000008002564       0x34 ./Drivers/STM32H7xx_HAL_Driver/stm32h7xx_hal_hsem.o
                0x0000000008002564                HAL_HSEM_FastTake
 .text.HAL_HSEM_Release
                0x0000000008002598       0x28 ./Drivers/STM32H7xx_HAL_Driver/stm32h7xx_hal_hsem.o
                0x0000000008002598                HAL_HSEM_Release
 .text.HAL_PWREx_ConfigSupply
                0x00000000080025c0       0xb4 ./Drivers/STM32H7xx_HAL_Driver/stm32h7xx_hal_pwr_ex.o
                0x00000000080025c0                HAL_PWREx_ConfigSupply
 .text.HAL_RCC_OscConfig
                0x0000000008002674      0x8b4 ./Drivers/STM32H7xx_HAL_Driver/stm32h7xx_hal_rcc.o
                0x0000000008002674                HAL_RCC_OscConfig
 .text.HAL_RCC_ClockConfig
                0x0000000008002f28      0x36c ./Drivers/STM32H7xx_HAL_Driver/stm32h7xx_hal_rcc.o
                0x0000000008002f28                HAL_RCC_ClockConfig
 .text.HAL_RCC_GetSysClockFreq
                0x0000000008003294      0x2f4 ./Drivers/STM32H7xx_HAL_Driver/stm32h7xx_hal_rcc.o
                0x0000000008003294                HAL_RCC_GetSysClockFreq
 .text.HAL_RCC_GetHCLKFreq
                0x0000000008003588       0x60 ./Drivers/STM32H7xx_HAL_Driver/stm32h7xx_hal_rcc.o
                0x0000000008003588                HAL_RCC_GetHCLKFreq
 .text.HAL_RCC_GetPCLK1Freq
                0x00000000080035e8       0x2c ./Drivers/STM32H7xx_HAL_Driver/stm32h7xx_hal_rcc.o
                0x00000000080035e8                HAL_RCC_GetPCLK1Freq
 .text.HAL_RCC_GetPCLK2Freq
                0x0000000008003614       0x2c ./Drivers/STM32H7xx_HAL_Driver/stm32h7xx_hal_rcc.o
                0x0000000008003614                HAL_RCC_GetPCLK2Freq
 .text.HAL_RCC_GetClockConfig
                0x0000000008003640       0x84 ./Drivers/STM32H7xx_HAL_Driver/stm32h7xx_hal_rcc.o
                0x0000000008003640                HAL_RCC_GetClockConfig
 .text.HAL_RCCEx_PeriphCLKConfig
                0x00000000080036c4     0x1414 ./Drivers/STM32H7xx_HAL_Driver/stm32h7xx_hal_rcc_ex.o
                0x00000000080036c4                HAL_RCCEx_PeriphCLKConfig
 .text.HAL_RCCEx_GetD3PCLK1Freq
                0x0000000008004ad8       0x2c ./Drivers/STM32H7xx_HAL_Driver/stm32h7xx_hal_rcc_ex.o
                0x0000000008004ad8                HAL_RCCEx_GetD3PCLK1Freq
 .text.HAL_RCCEx_GetPLL2ClockFreq
                0x0000000008004b04      0x2a8 ./Drivers/STM32H7xx_HAL_Driver/stm32h7xx_hal_rcc_ex.o
                0x0000000008004b04                HAL_RCCEx_GetPLL2ClockFreq
 .text.HAL_RCCEx_GetPLL3ClockFreq
                0x0000000008004dac      0x2a8 ./Drivers/STM32H7xx_HAL_Driver/stm32h7xx_hal_rcc_ex.o
                0x0000000008004dac                HAL_RCCEx_GetPLL3ClockFreq
 .text.RCCEx_PLL2_Config
                0x0000000008005054      0x164 ./Drivers/STM32H7xx_HAL_Driver/stm32h7xx_hal_rcc_ex.o
 .text.RCCEx_PLL3_Config
                0x00000000080051b8      0x164 ./Drivers/STM32H7xx_HAL_Driver/stm32h7xx_hal_rcc_ex.o
 .text.HAL_SPI_Init
                0x000000000800531c      0x248 ./Drivers/STM32H7xx_HAL_Driver/stm32h7xx_hal_spi.o
                0x000000000800531c                HAL_SPI_Init
 .text.HAL_SPI_Transmit
                0x0000000008005564      0x3f8 ./Drivers/STM32H7xx_HAL_Driver/stm32h7xx_hal_spi.o
                0x0000000008005564                HAL_SPI_Transmit
 .text.SPI_CloseTransfer
                0x000000000800595c      0x140 ./Drivers/STM32H7xx_HAL_Driver/stm32h7xx_hal_spi.o
 .text.SPI_WaitOnFlagUntilTimeout
                0x0000000008005a9c       0x5c ./Drivers/STM32H7xx_HAL_Driver/stm32h7xx_hal_spi.o
 .text.SPI_GetPacketSize
                0x0000000008005af8       0x36 ./Drivers/STM32H7xx_HAL_Driver/stm32h7xx_hal_spi.o
 .text.HAL_TIM_Base_Init
                0x0000000008005b2e       0xae ./Drivers/STM32H7xx_HAL_Driver/stm32h7xx_hal_tim.o
                0x0000000008005b2e                HAL_TIM_Base_Init
 .text.HAL_TIM_Base_MspInit
                0x0000000008005bdc       0x14 ./Drivers/STM32H7xx_HAL_Driver/stm32h7xx_hal_tim.o
                0x0000000008005bdc                HAL_TIM_Base_MspInit
 .text.HAL_TIM_Base_Start_IT
                0x0000000008005bf0       0xf0 ./Drivers/STM32H7xx_HAL_Driver/stm32h7xx_hal_tim.o
                0x0000000008005bf0                HAL_TIM_Base_Start_IT
 .text.HAL_TIM_IRQHandler
                0x0000000008005ce0      0x23e ./Drivers/STM32H7xx_HAL_Driver/stm32h7xx_hal_tim.o
                0x0000000008005ce0                HAL_TIM_IRQHandler
 .text.HAL_TIM_OC_DelayElapsedCallback
                0x0000000008005f1e       0x14 ./Drivers/STM32H7xx_HAL_Driver/stm32h7xx_hal_tim.o
                0x0000000008005f1e                HAL_TIM_OC_DelayElapsedCallback
 .text.HAL_TIM_IC_CaptureCallback
                0x0000000008005f32       0x14 ./Drivers/STM32H7xx_HAL_Driver/stm32h7xx_hal_tim.o
                0x0000000008005f32                HAL_TIM_IC_CaptureCallback
 .text.HAL_TIM_PWM_PulseFinishedCallback
                0x0000000008005f46       0x14 ./Drivers/STM32H7xx_HAL_Driver/stm32h7xx_hal_tim.o
                0x0000000008005f46                HAL_TIM_PWM_PulseFinishedCallback
 .text.HAL_TIM_TriggerCallback
                0x0000000008005f5a       0x14 ./Drivers/STM32H7xx_HAL_Driver/stm32h7xx_hal_tim.o
                0x0000000008005f5a                HAL_TIM_TriggerCallback
 *fill*         0x0000000008005f6e        0x2 
 .text.TIM_Base_SetConfig
                0x0000000008005f70      0x134 ./Drivers/STM32H7xx_HAL_Driver/stm32h7xx_hal_tim.o
                0x0000000008005f70                TIM_Base_SetConfig
 .text.HAL_TIMEx_CommutCallback
                0x00000000080060a4       0x14 ./Drivers/STM32H7xx_HAL_Driver/stm32h7xx_hal_tim_ex.o
                0x00000000080060a4                HAL_TIMEx_CommutCallback
 .text.HAL_TIMEx_BreakCallback
                0x00000000080060b8       0x14 ./Drivers/STM32H7xx_HAL_Driver/stm32h7xx_hal_tim_ex.o
                0x00000000080060b8                HAL_TIMEx_BreakCallback
 .text.HAL_TIMEx_Break2Callback
                0x00000000080060cc       0x14 ./Drivers/STM32H7xx_HAL_Driver/stm32h7xx_hal_tim_ex.o
                0x00000000080060cc                HAL_TIMEx_Break2Callback
 .text.HAL_UART_Init
                0x00000000080060e0       0xa0 ./Drivers/STM32H7xx_HAL_Driver/stm32h7xx_hal_uart.o
                0x00000000080060e0                HAL_UART_Init
 .text.HAL_UART_Transmit
                0x0000000008006180      0x11c ./Drivers/STM32H7xx_HAL_Driver/stm32h7xx_hal_uart.o
                0x0000000008006180                HAL_UART_Transmit
 .text.UART_SetConfig
                0x000000000800629c      0xad0 ./Drivers/STM32H7xx_HAL_Driver/stm32h7xx_hal_uart.o
                0x000000000800629c                UART_SetConfig
 .text.UART_AdvFeatureConfig
                0x0000000008006d6c      0x144 ./Drivers/STM32H7xx_HAL_Driver/stm32h7xx_hal_uart.o
                0x0000000008006d6c                UART_AdvFeatureConfig
 .text.UART_CheckIdleState
                0x0000000008006eb0      0x154 ./Drivers/STM32H7xx_HAL_Driver/stm32h7xx_hal_uart.o
                0x0000000008006eb0                UART_CheckIdleState
 .text.UART_WaitOnFlagUntilTimeout
                0x0000000008007004       0xce ./Drivers/STM32H7xx_HAL_Driver/stm32h7xx_hal_uart.o
                0x0000000008007004                UART_WaitOnFlagUntilTimeout
 *fill*         0x00000000080070d2        0x2 
 .text.UART_EndRxTransfer
                0x00000000080070d4       0xcc ./Drivers/STM32H7xx_HAL_Driver/stm32h7xx_hal_uart.o
 .text.HAL_UARTEx_DisableFifoMode
                0x00000000080071a0       0x72 ./Drivers/STM32H7xx_HAL_Driver/stm32h7xx_hal_uart_ex.o
                0x00000000080071a0                HAL_UARTEx_DisableFifoMode
 .text.HAL_UARTEx_SetTxFifoThreshold
                0x0000000008007212       0x7c ./Drivers/STM32H7xx_HAL_Driver/stm32h7xx_hal_uart_ex.o
                0x0000000008007212                HAL_UARTEx_SetTxFifoThreshold
 .text.HAL_UARTEx_SetRxFifoThreshold
                0x000000000800728e       0x7c ./Drivers/STM32H7xx_HAL_Driver/stm32h7xx_hal_uart_ex.o
                0x000000000800728e                HAL_UARTEx_SetRxFifoThreshold
 *fill*         0x000000000800730a        0x2 
 .text.UARTEx_SetNbDataToProcess
                0x000000000800730c       0x9c ./Drivers/STM32H7xx_HAL_Driver/stm32h7xx_hal_uart_ex.o
 .text.__NVIC_SetPriority
                0x00000000080073a8       0x54 ./Middlewares/Third_Party/FreeRTOS/cmsis_os2.o
 .text.SysTick_Handler
                0x00000000080073fc       0x20 ./Middlewares/Third_Party/FreeRTOS/cmsis_os2.o
                0x00000000080073fc                SysTick_Handler
 .text.SVC_Setup
                0x000000000800741c       0x12 ./Middlewares/Third_Party/FreeRTOS/cmsis_os2.o
 *fill*         0x000000000800742e        0x2 
 .text.osKernelInitialize
                0x0000000008007430       0x48 ./Middlewares/Third_Party/FreeRTOS/cmsis_os2.o
                0x0000000008007430                osKernelInitialize
 .text.osKernelStart
                0x0000000008007478       0x4c ./Middlewares/Third_Party/FreeRTOS/cmsis_os2.o
                0x0000000008007478                osKernelStart
 .text.osThreadNew
                0x00000000080074c4      0x124 ./Middlewares/Third_Party/FreeRTOS/cmsis_os2.o
                0x00000000080074c4                osThreadNew
 .text.osDelay  0x00000000080075e8       0x36 ./Middlewares/Third_Party/FreeRTOS/cmsis_os2.o
                0x00000000080075e8                osDelay
 *fill*         0x000000000800761e        0x2 
 .text.vApplicationGetIdleTaskMemory
                0x0000000008007620       0x34 ./Middlewares/Third_Party/FreeRTOS/cmsis_os2.o
                0x0000000008007620                vApplicationGetIdleTaskMemory
 .text.vApplicationGetTimerTaskMemory
                0x0000000008007654       0x34 ./Middlewares/Third_Party/FreeRTOS/cmsis_os2.o
                0x0000000008007654                vApplicationGetTimerTaskMemory
 .text.pvPortMalloc
                0x0000000008007688      0x198 ./Middlewares/Third_Party/FreeRTOS/heap_4.o
                0x0000000008007688                pvPortMalloc
 .text.vPortFree
                0x0000000008007820       0xc4 ./Middlewares/Third_Party/FreeRTOS/heap_4.o
                0x0000000008007820                vPortFree
 .text.prvHeapInit
                0x00000000080078e4       0xc4 ./Middlewares/Third_Party/FreeRTOS/heap_4.o
 .text.prvInsertBlockIntoFreeList
                0x00000000080079a8       0xb4 ./Middlewares/Third_Party/FreeRTOS/heap_4.o
 .text.vListInitialise
                0x0000000008007a5c       0x40 ./Middlewares/Third_Party/FreeRTOS/list.o
                0x0000000008007a5c                vListInitialise
 .text.vListInitialiseItem
                0x0000000008007a9c       0x1a ./Middlewares/Third_Party/FreeRTOS/list.o
                0x0000000008007a9c                vListInitialiseItem
 .text.vListInsertEnd
                0x0000000008007ab6       0x48 ./Middlewares/Third_Party/FreeRTOS/list.o
                0x0000000008007ab6                vListInsertEnd
 .text.vListInsert
                0x0000000008007afe       0x72 ./Middlewares/Third_Party/FreeRTOS/list.o
                0x0000000008007afe                vListInsert
 .text.uxListRemove
                0x0000000008007b70       0x54 ./Middlewares/Third_Party/FreeRTOS/list.o
                0x0000000008007b70                uxListRemove
 .text.pxPortInitialiseStack
                0x0000000008007bc4       0x68 ./Middlewares/Third_Party/FreeRTOS/port.o
                0x0000000008007bc4                pxPortInitialiseStack
 .text.prvTaskExitError
                0x0000000008007c2c       0x58 ./Middlewares/Third_Party/FreeRTOS/port.o
 *fill*         0x0000000008007c84        0xc 
 .text.SVC_Handler
                0x0000000008007c90       0x28 ./Middlewares/Third_Party/FreeRTOS/port.o
                0x0000000008007c90                SVC_Handler
 .text.prvPortStartFirstTask
                0x0000000008007cb8       0x28 ./Middlewares/Third_Party/FreeRTOS/port.o
 .text.xPortStartScheduler
                0x0000000008007ce0      0x144 ./Middlewares/Third_Party/FreeRTOS/port.o
                0x0000000008007ce0                xPortStartScheduler
 .text.vPortEnterCritical
                0x0000000008007e24       0x60 ./Middlewares/Third_Party/FreeRTOS/port.o
                0x0000000008007e24                vPortEnterCritical
 .text.vPortExitCritical
                0x0000000008007e84       0x54 ./Middlewares/Third_Party/FreeRTOS/port.o
                0x0000000008007e84                vPortExitCritical
 *fill*         0x0000000008007ed8        0x8 
 .text.PendSV_Handler
                0x0000000008007ee0       0x68 ./Middlewares/Third_Party/FreeRTOS/port.o
                0x0000000008007ee0                PendSV_Handler
 .text.xPortSysTickHandler
                0x0000000008007f48       0x44 ./Middlewares/Third_Party/FreeRTOS/port.o
                0x0000000008007f48                xPortSysTickHandler
 .text.vPortSetupTimerInterrupt
                0x0000000008007f8c       0x48 ./Middlewares/Third_Party/FreeRTOS/port.o
                0x0000000008007f8c                vPortSetupTimerInterrupt
 .text.vPortEnableVFP
                0x0000000008007fd4       0x14 ./Middlewares/Third_Party/FreeRTOS/port.o
 .text.vPortValidateInterruptPriority
                0x0000000008007fe8       0x80 ./Middlewares/Third_Party/FreeRTOS/port.o
                0x0000000008007fe8                vPortValidateInterruptPriority
 .text.xQueueGenericReset
                0x0000000008008068       0xd0 ./Middlewares/Third_Party/FreeRTOS/queue.o
                0x0000000008008068                xQueueGenericReset
 .text.xQueueGenericCreateStatic
                0x0000000008008138       0xf0 ./Middlewares/Third_Party/FreeRTOS/queue.o
                0x0000000008008138                xQueueGenericCreateStatic
 .text.prvInitialiseNewQueue
                0x0000000008008228       0x46 ./Middlewares/Third_Party/FreeRTOS/queue.o
 *fill*         0x000000000800826e        0x2 
 .text.xQueueGenericSend
                0x0000000008008270      0x1fc ./Middlewares/Third_Party/FreeRTOS/queue.o
                0x0000000008008270                xQueueGenericSend
 .text.xQueueGenericSendFromISR
                0x000000000800846c      0x136 ./Middlewares/Third_Party/FreeRTOS/queue.o
                0x000000000800846c                xQueueGenericSendFromISR
 *fill*         0x00000000080085a2        0x2 
 .text.xQueueReceive
                0x00000000080085a4      0x1c0 ./Middlewares/Third_Party/FreeRTOS/queue.o
                0x00000000080085a4                xQueueReceive
 .text.prvCopyDataToQueue
                0x0000000008008764       0xd4 ./Middlewares/Third_Party/FreeRTOS/queue.o
 .text.prvCopyDataFromQueue
                0x0000000008008838       0x4c ./Middlewares/Third_Party/FreeRTOS/queue.o
 .text.prvUnlockQueue
                0x0000000008008884       0xa4 ./Middlewares/Third_Party/FreeRTOS/queue.o
 .text.prvIsQueueEmpty
                0x0000000008008928       0x2c ./Middlewares/Third_Party/FreeRTOS/queue.o
 .text.prvIsQueueFull
                0x0000000008008954       0x30 ./Middlewares/Third_Party/FreeRTOS/queue.o
 .text.vQueueAddToRegistry
                0x0000000008008984       0x54 ./Middlewares/Third_Party/FreeRTOS/queue.o
                0x0000000008008984                vQueueAddToRegistry
 .text.vQueueWaitForMessageRestricted
                0x00000000080089d8       0x68 ./Middlewares/Third_Party/FreeRTOS/queue.o
                0x00000000080089d8                vQueueWaitForMessageRestricted
 .text.xTaskCreateStatic
                0x0000000008008a40       0xba ./Middlewares/Third_Party/FreeRTOS/tasks.o
                0x0000000008008a40                xTaskCreateStatic
 .text.xTaskCreate
                0x0000000008008afa       0x8a ./Middlewares/Third_Party/FreeRTOS/tasks.o
                0x0000000008008afa                xTaskCreate
 .text.prvInitialiseNewTask
                0x0000000008008b84      0x14c ./Middlewares/Third_Party/FreeRTOS/tasks.o
 .text.prvAddNewTaskToReadyList
                0x0000000008008cd0       0xe0 ./Middlewares/Third_Party/FreeRTOS/tasks.o
 .text.vTaskDelay
                0x0000000008008db0       0x68 ./Middlewares/Third_Party/FreeRTOS/tasks.o
                0x0000000008008db0                vTaskDelay
 .text.vTaskStartScheduler
                0x0000000008008e18       0xe0 ./Middlewares/Third_Party/FreeRTOS/tasks.o
                0x0000000008008e18                vTaskStartScheduler
 .text.vTaskSuspendAll
                0x0000000008008ef8       0x1c ./Middlewares/Third_Party/FreeRTOS/tasks.o
                0x0000000008008ef8                vTaskSuspendAll
 .text.xTaskResumeAll
                0x0000000008008f14      0x13c ./Middlewares/Third_Party/FreeRTOS/tasks.o
                0x0000000008008f14                xTaskResumeAll
 .text.xTaskGetTickCount
                0x0000000008009050       0x20 ./Middlewares/Third_Party/FreeRTOS/tasks.o
                0x0000000008009050                xTaskGetTickCount
 .text.xTaskIncrementTick
                0x0000000008009070      0x174 ./Middlewares/Third_Party/FreeRTOS/tasks.o
                0x0000000008009070                xTaskIncrementTick
 .text.vTaskSwitchContext
                0x00000000080091e4       0xc8 ./Middlewares/Third_Party/FreeRTOS/tasks.o
                0x00000000080091e4                vTaskSwitchContext
 .text.vTaskPlaceOnEventList
                0x00000000080092ac       0x48 ./Middlewares/Third_Party/FreeRTOS/tasks.o
                0x00000000080092ac                vTaskPlaceOnEventList
 .text.vTaskPlaceOnEventListRestricted
                0x00000000080092f4       0x58 ./Middlewares/Third_Party/FreeRTOS/tasks.o
                0x00000000080092f4                vTaskPlaceOnEventListRestricted
 .text.xTaskRemoveFromEventList
                0x000000000800934c       0xc8 ./Middlewares/Third_Party/FreeRTOS/tasks.o
                0x000000000800934c                xTaskRemoveFromEventList
 .text.vTaskInternalSetTimeOutState
                0x0000000008009414       0x2c ./Middlewares/Third_Party/FreeRTOS/tasks.o
                0x0000000008009414                vTaskInternalSetTimeOutState
 .text.xTaskCheckForTimeOut
                0x0000000008009440       0xc4 ./Middlewares/Third_Party/FreeRTOS/tasks.o
                0x0000000008009440                xTaskCheckForTimeOut
 .text.vTaskMissedYield
                0x0000000008009504       0x18 ./Middlewares/Third_Party/FreeRTOS/tasks.o
                0x0000000008009504                vTaskMissedYield
 .text.prvIdleTask
                0x000000000800951c       0x30 ./Middlewares/Third_Party/FreeRTOS/tasks.o
 .text.prvInitialiseTaskLists
                0x000000000800954c       0x80 ./Middlewares/Third_Party/FreeRTOS/tasks.o
 .text.prvCheckTasksWaitingTermination
                0x00000000080095cc       0x5c ./Middlewares/Third_Party/FreeRTOS/tasks.o
 .text.prvDeleteTCB
                0x0000000008009628       0x68 ./Middlewares/Third_Party/FreeRTOS/tasks.o
 .text.prvResetNextTaskUnblockTime
                0x0000000008009690       0x40 ./Middlewares/Third_Party/FreeRTOS/tasks.o
 .text.xTaskGetSchedulerState
                0x00000000080096d0       0x3c ./Middlewares/Third_Party/FreeRTOS/tasks.o
                0x00000000080096d0                xTaskGetSchedulerState
 .text.xTaskPriorityDisinherit
                0x000000000800970c       0xdc ./Middlewares/Third_Party/FreeRTOS/tasks.o
                0x000000000800970c                xTaskPriorityDisinherit
 .text.prvAddCurrentTaskToDelayedList
                0x00000000080097e8       0xa8 ./Middlewares/Third_Party/FreeRTOS/tasks.o
 .text.xTimerCreateTimerTask
                0x0000000008009890       0x90 ./Middlewares/Third_Party/FreeRTOS/timers.o
                0x0000000008009890                xTimerCreateTimerTask
 .text.xTimerGenericCommand
                0x0000000008009920       0x9c ./Middlewares/Third_Party/FreeRTOS/timers.o
                0x0000000008009920                xTimerGenericCommand
 .text.prvProcessExpiredTimer
                0x00000000080099bc       0x98 ./Middlewares/Third_Party/FreeRTOS/timers.o
 .text.prvTimerTask
                0x0000000008009a54       0x24 ./Middlewares/Third_Party/FreeRTOS/timers.o
 .text.prvProcessTimerOrBlockTask
                0x0000000008009a78       0x9c ./Middlewares/Third_Party/FreeRTOS/timers.o
 .text.prvGetNextExpireTime
                0x0000000008009b14       0x48 ./Middlewares/Third_Party/FreeRTOS/timers.o
 .text.prvSampleTimeNow
                0x0000000008009b5c       0x40 ./Middlewares/Third_Party/FreeRTOS/timers.o
 .text.prvInsertTimerInActiveList
                0x0000000008009b9c       0x84 ./Middlewares/Third_Party/FreeRTOS/timers.o
 .text.prvProcessReceivedCommands
                0x0000000008009c20      0x1c4 ./Middlewares/Third_Party/FreeRTOS/timers.o
 .text.prvSwitchTimerLists
                0x0000000008009de4       0xc8 ./Middlewares/Third_Party/FreeRTOS/timers.o
 .text.prvCheckForValidListAndQueue
                0x0000000008009eac       0x80 ./Middlewares/Third_Party/FreeRTOS/timers.o
 .text.__libc_init_array
                0x0000000008009f2c       0x48 c:/st/stm32cubeide_1.11.2/stm32cubeide/plugins/com.st.stm32cube.ide.mcu.externaltools.gnu-tools-for-stm32.10.3-2021.10.win32_1.0.100.202210260954/tools/bin/../lib/gcc/arm-none-eabi/10.3.1/../../../../arm-none-eabi/lib/thumb/v7e-m+dp/hard\libc_nano.a(lib_a-init.o)
                0x0000000008009f2c                __libc_init_array
 .text.__retarget_lock_acquire_recursive
                0x0000000008009f74        0x2 c:/st/stm32cubeide_1.11.2/stm32cubeide/plugins/com.st.stm32cube.ide.mcu.externaltools.gnu-tools-for-stm32.10.3-2021.10.win32_1.0.100.202210260954/tools/bin/../lib/gcc/arm-none-eabi/10.3.1/../../../../arm-none-eabi/lib/thumb/v7e-m+dp/hard\libc_nano.a(lib_a-lock.o)
                0x0000000008009f74                __retarget_lock_acquire_recursive
 .text.__retarget_lock_release_recursive
                0x0000000008009f76        0x2 c:/st/stm32cubeide_1.11.2/stm32cubeide/plugins/com.st.stm32cube.ide.mcu.externaltools.gnu-tools-for-stm32.10.3-2021.10.win32_1.0.100.202210260954/tools/bin/../lib/gcc/arm-none-eabi/10.3.1/../../../../arm-none-eabi/lib/thumb/v7e-m+dp/hard\libc_nano.a(lib_a-lock.o)
                0x0000000008009f76                __retarget_lock_release_recursive
 .text.memcpy   0x0000000008009f78       0x1c c:/st/stm32cubeide_1.11.2/stm32cubeide/plugins/com.st.stm32cube.ide.mcu.externaltools.gnu-tools-for-stm32.10.3-2021.10.win32_1.0.100.202210260954/tools/bin/../lib/gcc/arm-none-eabi/10.3.1/../../../../arm-none-eabi/lib/thumb/v7e-m+dp/hard\libc_nano.a(lib_a-memcpy-stub.o)
                0x0000000008009f78                memcpy
 .text.memset   0x0000000008009f94       0x10 c:/st/stm32cubeide_1.11.2/stm32cubeide/plugins/com.st.stm32cube.ide.mcu.externaltools.gnu-tools-for-stm32.10.3-2021.10.win32_1.0.100.202210260954/tools/bin/../lib/gcc/arm-none-eabi/10.3.1/../../../../arm-none-eabi/lib/thumb/v7e-m+dp/hard\libc_nano.a(lib_a-memset.o)
                0x0000000008009f94                memset
 .text._free_r  0x0000000008009fa4       0x98 c:/st/stm32cubeide_1.11.2/stm32cubeide/plugins/com.st.stm32cube.ide.mcu.externaltools.gnu-tools-for-stm32.10.3-2021.10.win32_1.0.100.202210260954/tools/bin/../lib/gcc/arm-none-eabi/10.3.1/../../../../arm-none-eabi/lib/thumb/v7e-m+dp/hard\libc_nano.a(lib_a-nano-freer.o)
                0x0000000008009fa4                _free_r
 .text.cleanup_glue
                0x000000000800a03c       0x1a c:/st/stm32cubeide_1.11.2/stm32cubeide/plugins/com.st.stm32cube.ide.mcu.externaltools.gnu-tools-for-stm32.10.3-2021.10.win32_1.0.100.202210260954/tools/bin/../lib/gcc/arm-none-eabi/10.3.1/../../../../arm-none-eabi/lib/thumb/v7e-m+dp/hard\libc_nano.a(lib_a-reent.o)
                0x000000000800a03c                cleanup_glue
 *fill*         0x000000000800a056        0x2 
 .text._reclaim_reent
                0x000000000800a058       0xb8 c:/st/stm32cubeide_1.11.2/stm32cubeide/plugins/com.st.stm32cube.ide.mcu.externaltools.gnu-tools-for-stm32.10.3-2021.10.win32_1.0.100.202210260954/tools/bin/../lib/gcc/arm-none-eabi/10.3.1/../../../../arm-none-eabi/lib/thumb/v7e-m+dp/hard\libc_nano.a(lib_a-reent.o)
                0x000000000800a058                _reclaim_reent
 .text.__malloc_lock
                0x000000000800a110        0xc c:/st/stm32cubeide_1.11.2/stm32cubeide/plugins/com.st.stm32cube.ide.mcu.externaltools.gnu-tools-for-stm32.10.3-2021.10.win32_1.0.100.202210260954/tools/bin/../lib/gcc/arm-none-eabi/10.3.1/../../../../arm-none-eabi/lib/thumb/v7e-m+dp/hard\libc_nano.a(lib_a-mlock.o)
                0x000000000800a110                __malloc_lock
 .text.__malloc_unlock
                0x000000000800a11c        0xc c:/st/stm32cubeide_1.11.2/stm32cubeide/plugins/com.st.stm32cube.ide.mcu.externaltools.gnu-tools-for-stm32.10.3-2021.10.win32_1.0.100.202210260954/tools/bin/../lib/gcc/arm-none-eabi/10.3.1/../../../../arm-none-eabi/lib/thumb/v7e-m+dp/hard\libc_nano.a(lib_a-mlock.o)
                0x000000000800a11c                __malloc_unlock
 *(.glue_7)
 .glue_7        0x000000000800a128        0x0 linker stubs
 *(.glue_7t)
 .glue_7t       0x000000000800a128        0x0 linker stubs
 *(.eh_frame)
 .eh_frame      0x000000000800a128        0x0 c:/st/stm32cubeide_1.11.2/stm32cubeide/plugins/com.st.stm32cube.ide.mcu.externaltools.gnu-tools-for-stm32.10.3-2021.10.win32_1.0.100.202210260954/tools/bin/../lib/gcc/arm-none-eabi/10.3.1/thumb/v7e-m+dp/hard/crtbegin.o
 *(.init)
 .init          0x000000000800a128        0x4 c:/st/stm32cubeide_1.11.2/stm32cubeide/plugins/com.st.stm32cube.ide.mcu.externaltools.gnu-tools-for-stm32.10.3-2021.10.win32_1.0.100.202210260954/tools/bin/../lib/gcc/arm-none-eabi/10.3.1/thumb/v7e-m+dp/hard/crti.o
                0x000000000800a128                _init
 .init          0x000000000800a12c        0x8 c:/st/stm32cubeide_1.11.2/stm32cubeide/plugins/com.st.stm32cube.ide.mcu.externaltools.gnu-tools-for-stm32.10.3-2021.10.win32_1.0.100.202210260954/tools/bin/../lib/gcc/arm-none-eabi/10.3.1/thumb/v7e-m+dp/hard/crtn.o
 *(.fini)
 .fini          0x000000000800a134        0x4 c:/st/stm32cubeide_1.11.2/stm32cubeide/plugins/com.st.stm32cube.ide.mcu.externaltools.gnu-tools-for-stm32.10.3-2021.10.win32_1.0.100.202210260954/tools/bin/../lib/gcc/arm-none-eabi/10.3.1/thumb/v7e-m+dp/hard/crti.o
                0x000000000800a134                _fini
 .fini          0x000000000800a138        0x8 c:/st/stm32cubeide_1.11.2/stm32cubeide/plugins/com.st.stm32cube.ide.mcu.externaltools.gnu-tools-for-stm32.10.3-2021.10.win32_1.0.100.202210260954/tools/bin/../lib/gcc/arm-none-eabi/10.3.1/thumb/v7e-m+dp/hard/crtn.o
                0x000000000800a140                . = ALIGN (0x4)
                0x000000000800a140                _etext = .

.vfp11_veneer   0x000000000800a140        0x0
 .vfp11_veneer  0x000000000800a140        0x0 linker stubs

.v4_bx          0x000000000800a140        0x0
 .v4_bx         0x000000000800a140        0x0 linker stubs

.iplt           0x000000000800a140        0x0
 .iplt          0x000000000800a140        0x0 c:/st/stm32cubeide_1.11.2/stm32cubeide/plugins/com.st.stm32cube.ide.mcu.externaltools.gnu-tools-for-stm32.10.3-2021.10.win32_1.0.100.202210260954/tools/bin/../lib/gcc/arm-none-eabi/10.3.1/thumb/v7e-m+dp/hard/crtbegin.o

.rodata         0x000000000800a140     0x81b8
                0x000000000800a140                . = ALIGN (0x4)
 *(.rodata)
 .rodata        0x000000000800a140       0x21 ./Core/Src/main.o
 *fill*         0x000000000800a161        0x3 
 .rodata        0x000000000800a164        0x5 ./Middlewares/Third_Party/FreeRTOS/tasks.o
 *fill*         0x000000000800a169        0x3 
 .rodata        0x000000000800a16c        0xd ./Middlewares/Third_Party/FreeRTOS/timers.o
 *(.rodata*)
 *fill*         0x000000000800a179        0x3 
 .rodata.D1CorePrescTable
                0x000000000800a17c       0x10 ./Common/Src/system_stm32h7xx_dualcore_boot_cm4_cm7.o
                0x000000000800a17c                D1CorePrescTable
 .rodata.test_img_128x128
                0x000000000800a18c     0x8000 ./Core/Src/main.o
                0x000000000800a18c                test_img_128x128
 .rodata.defaultTask_attributes
                0x000000000801218c       0x24 ./Core/Src/main.o
                0x000000000801218c                defaultTask_attributes
 .rodata.myTask02_attributes
                0x00000000080121b0       0x24 ./Core/Src/main.o
                0x00000000080121b0                myTask02_attributes
 .rodata.myTask03_attributes
                0x00000000080121d4       0x24 ./Core/Src/main.o
                0x00000000080121d4                myTask03_attributes
 .rodata.init_cmds1
                0x00000000080121f8       0x3b ./Core/Src/st7735/st7735.o
 *fill*         0x0000000008012233        0x1 
 .rodata.init_cmds2
                0x0000000008012234        0xd ./Core/Src/st7735/st7735.o
 *fill*         0x0000000008012241        0x3 
 .rodata.init_cmds3
                0x0000000008012244       0x2b ./Core/Src/st7735/st7735.o
 *fill*         0x000000000801226f        0x1 
 .rodata.UARTPrescTable
                0x0000000008012270       0x18 ./Drivers/STM32H7xx_HAL_Driver/stm32h7xx_hal_uart.o
                0x0000000008012270                UARTPrescTable
 .rodata.numerator.1
                0x0000000008012288        0x8 ./Drivers/STM32H7xx_HAL_Driver/stm32h7xx_hal_uart_ex.o
 .rodata.denominator.0
                0x0000000008012290        0x8 ./Drivers/STM32H7xx_HAL_Driver/stm32h7xx_hal_uart_ex.o
 .rodata.__sf_fake_stderr
                0x0000000008012298       0x20 c:/st/stm32cubeide_1.11.2/stm32cubeide/plugins/com.st.stm32cube.ide.mcu.externaltools.gnu-tools-for-stm32.10.3-2021.10.win32_1.0.100.202210260954/tools/bin/../lib/gcc/arm-none-eabi/10.3.1/../../../../arm-none-eabi/lib/thumb/v7e-m+dp/hard\libc_nano.a(lib_a-findfp.o)
                0x0000000008012298                __sf_fake_stderr
 .rodata.__sf_fake_stdin
                0x00000000080122b8       0x20 c:/st/stm32cubeide_1.11.2/stm32cubeide/plugins/com.st.stm32cube.ide.mcu.externaltools.gnu-tools-for-stm32.10.3-2021.10.win32_1.0.100.202210260954/tools/bin/../lib/gcc/arm-none-eabi/10.3.1/../../../../arm-none-eabi/lib/thumb/v7e-m+dp/hard\libc_nano.a(lib_a-findfp.o)
                0x00000000080122b8                __sf_fake_stdin
 .rodata.__sf_fake_stdout
                0x00000000080122d8       0x20 c:/st/stm32cubeide_1.11.2/stm32cubeide/plugins/com.st.stm32cube.ide.mcu.externaltools.gnu-tools-for-stm32.10.3-2021.10.win32_1.0.100.202210260954/tools/bin/../lib/gcc/arm-none-eabi/10.3.1/../../../../arm-none-eabi/lib/thumb/v7e-m+dp/hard\libc_nano.a(lib_a-findfp.o)
                0x00000000080122d8                __sf_fake_stdout
                0x00000000080122f8                . = ALIGN (0x4)

.ARM.extab      0x00000000080122f8        0x0
                0x00000000080122f8                . = ALIGN (0x4)
 *(.ARM.extab* .gnu.linkonce.armextab.*)
                0x00000000080122f8                . = ALIGN (0x4)

.ARM            0x00000000080122f8        0x8
                0x00000000080122f8                . = ALIGN (0x4)
                0x00000000080122f8                __exidx_start = .
 *(.ARM.exidx*)
 .ARM.exidx     0x00000000080122f8        0x8 c:/st/stm32cubeide_1.11.2/stm32cubeide/plugins/com.st.stm32cube.ide.mcu.externaltools.gnu-tools-for-stm32.10.3-2021.10.win32_1.0.100.202210260954/tools/bin/../lib/gcc/arm-none-eabi/10.3.1/thumb/v7e-m+dp/hard\libgcc.a(_udivmoddi4.o)
                0x0000000008012300                __exidx_end = .
                0x0000000008012300                . = ALIGN (0x4)

.rel.dyn        0x0000000008012300        0x0
 .rel.iplt      0x0000000008012300        0x0 c:/st/stm32cubeide_1.11.2/stm32cubeide/plugins/com.st.stm32cube.ide.mcu.externaltools.gnu-tools-for-stm32.10.3-2021.10.win32_1.0.100.202210260954/tools/bin/../lib/gcc/arm-none-eabi/10.3.1/thumb/v7e-m+dp/hard/crtbegin.o

.preinit_array  0x0000000008012300        0x0
                0x0000000008012300                . = ALIGN (0x4)
                0x0000000008012300                PROVIDE (__preinit_array_start = .)
 *(.preinit_array*)
                0x0000000008012300                PROVIDE (__preinit_array_end = .)
                0x0000000008012300                . = ALIGN (0x4)

.init_array     0x0000000008012300        0x4
                0x0000000008012300                . = ALIGN (0x4)
                0x0000000008012300                PROVIDE (__init_array_start = .)
 *(SORT_BY_NAME(.init_array.*))
 *(.init_array*)
 .init_array    0x0000000008012300        0x4 c:/st/stm32cubeide_1.11.2/stm32cubeide/plugins/com.st.stm32cube.ide.mcu.externaltools.gnu-tools-for-stm32.10.3-2021.10.win32_1.0.100.202210260954/tools/bin/../lib/gcc/arm-none-eabi/10.3.1/thumb/v7e-m+dp/hard/crtbegin.o
                0x0000000008012304                PROVIDE (__init_array_end = .)
                0x0000000008012304                . = ALIGN (0x4)

.fini_array     0x0000000008012304        0x4
                0x0000000008012304                . = ALIGN (0x4)
                [!provide]                        PROVIDE (__fini_array_start = .)
 *(SORT_BY_NAME(.fini_array.*))
 *(.fini_array*)
 .fini_array    0x0000000008012304        0x4 c:/st/stm32cubeide_1.11.2/stm32cubeide/plugins/com.st.stm32cube.ide.mcu.externaltools.gnu-tools-for-stm32.10.3-2021.10.win32_1.0.100.202210260954/tools/bin/../lib/gcc/arm-none-eabi/10.3.1/thumb/v7e-m+dp/hard/crtbegin.o
                [!provide]                        PROVIDE (__fini_array_end = .)
                0x0000000008012308                . = ALIGN (0x4)
                0x0000000008012308                _sidata = LOADADDR (.data)

.data           0x0000000024000000       0x88 load address 0x0000000008012308
                0x0000000024000000                . = ALIGN (0x4)
                0x0000000024000000                _sdata = .
 *(.data)
 *(.data*)
 .data.SystemCoreClock
                0x0000000024000000        0x4 ./Common/Src/system_stm32h7xx_dualcore_boot_cm4_cm7.o
                0x0000000024000000                SystemCoreClock
 .data.SystemD2Clock
                0x0000000024000004        0x4 ./Common/Src/system_stm32h7xx_dualcore_boot_cm4_cm7.o
                0x0000000024000004                SystemD2Clock
 .data.string   0x0000000024000008        0xe ./Core/Src/main.o
                0x0000000024000008                string
 *fill*         0x0000000024000016        0x2 
 .data.uwTickPrio
                0x0000000024000018        0x4 ./Drivers/STM32H7xx_HAL_Driver/stm32h7xx_hal.o
                0x0000000024000018                uwTickPrio
 .data.uwTickFreq
                0x000000002400001c        0x1 ./Drivers/STM32H7xx_HAL_Driver/stm32h7xx_hal.o
                0x000000002400001c                uwTickFreq
 *fill*         0x000000002400001d        0x3 
 .data.uxCriticalNesting
                0x0000000024000020        0x4 ./Middlewares/Third_Party/FreeRTOS/port.o
 .data._impure_ptr
                0x0000000024000024        0x4 c:/st/stm32cubeide_1.11.2/stm32cubeide/plugins/com.st.stm32cube.ide.mcu.externaltools.gnu-tools-for-stm32.10.3-2021.10.win32_1.0.100.202210260954/tools/bin/../lib/gcc/arm-none-eabi/10.3.1/../../../../arm-none-eabi/lib/thumb/v7e-m+dp/hard\libc_nano.a(lib_a-impure.o)
                0x0000000024000024                _impure_ptr
 .data.impure_data
                0x0000000024000028       0x60 c:/st/stm32cubeide_1.11.2/stm32cubeide/plugins/com.st.stm32cube.ide.mcu.externaltools.gnu-tools-for-stm32.10.3-2021.10.win32_1.0.100.202210260954/tools/bin/../lib/gcc/arm-none-eabi/10.3.1/../../../../arm-none-eabi/lib/thumb/v7e-m+dp/hard\libc_nano.a(lib_a-impure.o)
 *(.RamFunc)
 *(.RamFunc*)
                0x0000000024000088                . = ALIGN (0x4)
                0x0000000024000088                _edata = .

.igot.plt       0x0000000024000088        0x0 load address 0x0000000008012390
 .igot.plt      0x0000000024000088        0x0 c:/st/stm32cubeide_1.11.2/stm32cubeide/plugins/com.st.stm32cube.ide.mcu.externaltools.gnu-tools-for-stm32.10.3-2021.10.win32_1.0.100.202210260954/tools/bin/../lib/gcc/arm-none-eabi/10.3.1/thumb/v7e-m+dp/hard/crtbegin.o

.RxDecripSection
                0x0000000024000088       0x60 load address 0x0000000008012390
 .RxDecripSection
                0x0000000024000088       0x60 ./Core/Src/main.o
                0x0000000024000088                DMARxDscrTab

.TxDecripSection
                0x00000000240000e8       0x60 load address 0x00000000080123f0
 .TxDecripSection
                0x00000000240000e8       0x60 ./Core/Src/main.o
                0x00000000240000e8                DMATxDscrTab
                0x0000000024000148                . = ALIGN (0x4)

.bss            0x0000000024000148     0x4c9c load address 0x0000000008012450
                0x0000000024000148                _sbss = .
                0x0000000024000148                __bss_start__ = _sbss
 *(.bss)
 .bss           0x0000000024000148       0x1c c:/st/stm32cubeide_1.11.2/stm32cubeide/plugins/com.st.stm32cube.ide.mcu.externaltools.gnu-tools-for-stm32.10.3-2021.10.win32_1.0.100.202210260954/tools/bin/../lib/gcc/arm-none-eabi/10.3.1/thumb/v7e-m+dp/hard/crtbegin.o
 *(.bss*)
 .bss.TxConfig  0x0000000024000164       0x38 ./Core/Src/main.o
                0x0000000024000164                TxConfig
 .bss.heth      0x000000002400019c       0xb0 ./Core/Src/main.o
                0x000000002400019c                heth
 .bss.hspi1     0x000000002400024c       0x88 ./Core/Src/main.o
                0x000000002400024c                hspi1
 .bss.huart3    0x00000000240002d4       0x94 ./Core/Src/main.o
                0x00000000240002d4                huart3
 .bss.defaultTaskHandle
                0x0000000024000368        0x4 ./Core/Src/main.o
                0x0000000024000368                defaultTaskHandle
 .bss.myTask02Handle
                0x000000002400036c        0x4 ./Core/Src/main.o
                0x000000002400036c                myTask02Handle
 .bss.myTask03Handle
                0x0000000024000370        0x4 ./Core/Src/main.o
                0x0000000024000370                myTask03Handle
 .bss.MACAddr.0
                0x0000000024000374        0x6 ./Core/Src/main.o
 *fill*         0x000000002400037a        0x2 
 .bss.htim17    0x000000002400037c       0x4c ./Core/Src/stm32h7xx_hal_timebase_tim.o
                0x000000002400037c                htim17
 .bss.uwTick    0x00000000240003c8        0x4 ./Drivers/STM32H7xx_HAL_Driver/stm32h7xx_hal.o
                0x00000000240003c8                uwTick
 .bss.KernelState
                0x00000000240003cc        0x4 ./Middlewares/Third_Party/FreeRTOS/cmsis_os2.o
 .bss.Idle_TCB.3
                0x00000000240003d0       0xbc ./Middlewares/Third_Party/FreeRTOS/cmsis_os2.o
 .bss.Idle_Stack.2
                0x000000002400048c      0x200 ./Middlewares/Third_Party/FreeRTOS/cmsis_os2.o
 .bss.Timer_TCB.1
                0x000000002400068c       0xbc ./Middlewares/Third_Party/FreeRTOS/cmsis_os2.o
 .bss.Timer_Stack.0
                0x0000000024000748      0x400 ./Middlewares/Third_Party/FreeRTOS/cmsis_os2.o
 .bss.ucHeap    0x0000000024000b48     0x3c00 ./Middlewares/Third_Party/FreeRTOS/heap_4.o
 .bss.xStart    0x0000000024004748        0x8 ./Middlewares/Third_Party/FreeRTOS/heap_4.o
 .bss.pxEnd     0x0000000024004750        0x4 ./Middlewares/Third_Party/FreeRTOS/heap_4.o
 .bss.xFreeBytesRemaining
                0x0000000024004754        0x4 ./Middlewares/Third_Party/FreeRTOS/heap_4.o
 .bss.xMinimumEverFreeBytesRemaining
                0x0000000024004758        0x4 ./Middlewares/Third_Party/FreeRTOS/heap_4.o
 .bss.xNumberOfSuccessfulAllocations
                0x000000002400475c        0x4 ./Middlewares/Third_Party/FreeRTOS/heap_4.o
 .bss.xNumberOfSuccessfulFrees
                0x0000000024004760        0x4 ./Middlewares/Third_Party/FreeRTOS/heap_4.o
 .bss.xBlockAllocatedBit
                0x0000000024004764        0x4 ./Middlewares/Third_Party/FreeRTOS/heap_4.o
 .bss.ucMaxSysCallPriority
                0x0000000024004768        0x1 ./Middlewares/Third_Party/FreeRTOS/port.o
 *fill*         0x0000000024004769        0x3 
 .bss.ulMaxPRIGROUPValue
                0x000000002400476c        0x4 ./Middlewares/Third_Party/FreeRTOS/port.o
 .bss.xQueueRegistry
                0x0000000024004770       0x40 ./Middlewares/Third_Party/FreeRTOS/queue.o
                0x0000000024004770                xQueueRegistry
 .bss.pxCurrentTCB
                0x00000000240047b0        0x4 ./Middlewares/Third_Party/FreeRTOS/tasks.o
                0x00000000240047b0                pxCurrentTCB
 .bss.pxReadyTasksLists
                0x00000000240047b4      0x460 ./Middlewares/Third_Party/FreeRTOS/tasks.o
 .bss.xDelayedTaskList1
                0x0000000024004c14       0x14 ./Middlewares/Third_Party/FreeRTOS/tasks.o
 .bss.xDelayedTaskList2
                0x0000000024004c28       0x14 ./Middlewares/Third_Party/FreeRTOS/tasks.o
 .bss.pxDelayedTaskList
                0x0000000024004c3c        0x4 ./Middlewares/Third_Party/FreeRTOS/tasks.o
 .bss.pxOverflowDelayedTaskList
                0x0000000024004c40        0x4 ./Middlewares/Third_Party/FreeRTOS/tasks.o
 .bss.xPendingReadyList
                0x0000000024004c44       0x14 ./Middlewares/Third_Party/FreeRTOS/tasks.o
 .bss.xTasksWaitingTermination
                0x0000000024004c58       0x14 ./Middlewares/Third_Party/FreeRTOS/tasks.o
 .bss.uxDeletedTasksWaitingCleanUp
                0x0000000024004c6c        0x4 ./Middlewares/Third_Party/FreeRTOS/tasks.o
 .bss.xSuspendedTaskList
                0x0000000024004c70       0x14 ./Middlewares/Third_Party/FreeRTOS/tasks.o
 .bss.uxCurrentNumberOfTasks
                0x0000000024004c84        0x4 ./Middlewares/Third_Party/FreeRTOS/tasks.o
 .bss.xTickCount
                0x0000000024004c88        0x4 ./Middlewares/Third_Party/FreeRTOS/tasks.o
 .bss.uxTopReadyPriority
                0x0000000024004c8c        0x4 ./Middlewares/Third_Party/FreeRTOS/tasks.o
 .bss.xSchedulerRunning
                0x0000000024004c90        0x4 ./Middlewares/Third_Party/FreeRTOS/tasks.o
 .bss.xPendedTicks
                0x0000000024004c94        0x4 ./Middlewares/Third_Party/FreeRTOS/tasks.o
 .bss.xYieldPending
                0x0000000024004c98        0x4 ./Middlewares/Third_Party/FreeRTOS/tasks.o
 .bss.xNumOfOverflows
                0x0000000024004c9c        0x4 ./Middlewares/Third_Party/FreeRTOS/tasks.o
 .bss.uxTaskNumber
                0x0000000024004ca0        0x4 ./Middlewares/Third_Party/FreeRTOS/tasks.o
 .bss.xNextTaskUnblockTime
                0x0000000024004ca4        0x4 ./Middlewares/Third_Party/FreeRTOS/tasks.o
 .bss.xIdleTaskHandle
                0x0000000024004ca8        0x4 ./Middlewares/Third_Party/FreeRTOS/tasks.o
 .bss.uxSchedulerSuspended
                0x0000000024004cac        0x4 ./Middlewares/Third_Party/FreeRTOS/tasks.o
 .bss.xActiveTimerList1
                0x0000000024004cb0       0x14 ./Middlewares/Third_Party/FreeRTOS/timers.o
 .bss.xActiveTimerList2
                0x0000000024004cc4       0x14 ./Middlewares/Third_Party/FreeRTOS/timers.o
 .bss.pxCurrentTimerList
                0x0000000024004cd8        0x4 ./Middlewares/Third_Party/FreeRTOS/timers.o
 .bss.pxOverflowTimerList
                0x0000000024004cdc        0x4 ./Middlewares/Third_Party/FreeRTOS/timers.o
 .bss.xTimerQueue
                0x0000000024004ce0        0x4 ./Middlewares/Third_Party/FreeRTOS/timers.o
 .bss.xTimerTaskHandle
                0x0000000024004ce4        0x4 ./Middlewares/Third_Party/FreeRTOS/timers.o
 .bss.xLastTime.2
                0x0000000024004ce8        0x4 ./Middlewares/Third_Party/FreeRTOS/timers.o
 .bss.ucStaticTimerQueueStorage.1
                0x0000000024004cec       0xa0 ./Middlewares/Third_Party/FreeRTOS/timers.o
 .bss.xStaticTimerQueue.0
                0x0000000024004d8c       0x50 ./Middlewares/Third_Party/FreeRTOS/timers.o
 .bss.__lock___malloc_recursive_mutex
                0x0000000024004ddc        0x1 c:/st/stm32cubeide_1.11.2/stm32cubeide/plugins/com.st.stm32cube.ide.mcu.externaltools.gnu-tools-for-stm32.10.3-2021.10.win32_1.0.100.202210260954/tools/bin/../lib/gcc/arm-none-eabi/10.3.1/../../../../arm-none-eabi/lib/thumb/v7e-m+dp/hard\libc_nano.a(lib_a-lock.o)
                0x0000000024004ddc                __lock___malloc_recursive_mutex
 *fill*         0x0000000024004ddd        0x3 
 .bss.__malloc_free_list
                0x0000000024004de0        0x4 c:/st/stm32cubeide_1.11.2/stm32cubeide/plugins/com.st.stm32cube.ide.mcu.externaltools.gnu-tools-for-stm32.10.3-2021.10.win32_1.0.100.202210260954/tools/bin/../lib/gcc/arm-none-eabi/10.3.1/../../../../arm-none-eabi/lib/thumb/v7e-m+dp/hard\libc_nano.a(lib_a-nano-mallocr.o)
                0x0000000024004de0                __malloc_free_list
 *(COMMON)
                0x0000000024004de4                . = ALIGN (0x4)
                0x0000000024004de4                _ebss = .
                0x0000000024004de4                __bss_end__ = _ebss

._user_heap_stack
                0x0000000024004de4      0x604 load address 0x0000000008012450
                0x0000000024004de8                . = ALIGN (0x8)
 *fill*         0x0000000024004de4        0x4 
                [!provide]                        PROVIDE (end = .)
                0x0000000024004de8                PROVIDE (_end = .)
                0x0000000024004fe8                . = (. + _Min_Heap_Size)
 *fill*         0x0000000024004de8      0x200 
                0x00000000240053e8                . = (. + _Min_Stack_Size)
 *fill*         0x0000000024004fe8      0x400 
                0x00000000240053e8                . = ALIGN (0x8)

/DISCARD/
 libc.a(*)
 libm.a(*)
 libgcc.a(*)

.ARM.attributes
                0x0000000000000000       0x2e
 *(.ARM.attributes)
 .ARM.attributes
                0x0000000000000000       0x1e c:/st/stm32cubeide_1.11.2/stm32cubeide/plugins/com.st.stm32cube.ide.mcu.externaltools.gnu-tools-for-stm32.10.3-2021.10.win32_1.0.100.202210260954/tools/bin/../lib/gcc/arm-none-eabi/10.3.1/thumb/v7e-m+dp/hard/crti.o
 .ARM.attributes
                0x000000000000001e       0x32 c:/st/stm32cubeide_1.11.2/stm32cubeide/plugins/com.st.stm32cube.ide.mcu.externaltools.gnu-tools-for-stm32.10.3-2021.10.win32_1.0.100.202210260954/tools/bin/../lib/gcc/arm-none-eabi/10.3.1/thumb/v7e-m+dp/hard/crtbegin.o
 .ARM.attributes
                0x0000000000000050       0x32 ./Common/Src/system_stm32h7xx_dualcore_boot_cm4_cm7.o
 .ARM.attributes
                0x0000000000000082       0x32 ./Core/Src/main.o
 .ARM.attributes
                0x00000000000000b4       0x32 ./Core/Src/stm32h7xx_hal_msp.o
 .ARM.attributes
                0x00000000000000e6       0x32 ./Core/Src/stm32h7xx_hal_timebase_tim.o
 .ARM.attributes
                0x0000000000000118       0x32 ./Core/Src/stm32h7xx_it.o
 .ARM.attributes
                0x000000000000014a       0x32 ./Core/Src/st7735/st7735.o
 .ARM.attributes
                0x000000000000017c       0x21 ./Core/Startup/startup_stm32h745zitx.o
 .ARM.attributes
                0x000000000000019d       0x32 ./Drivers/STM32H7xx_HAL_Driver/stm32h7xx_hal.o
 .ARM.attributes
                0x00000000000001cf       0x32 ./Drivers/STM32H7xx_HAL_Driver/stm32h7xx_hal_cortex.o
 .ARM.attributes
                0x0000000000000201       0x32 ./Drivers/STM32H7xx_HAL_Driver/stm32h7xx_hal_eth.o
 .ARM.attributes
                0x0000000000000233       0x32 ./Drivers/STM32H7xx_HAL_Driver/stm32h7xx_hal_gpio.o
 .ARM.attributes
                0x0000000000000265       0x32 ./Drivers/STM32H7xx_HAL_Driver/stm32h7xx_hal_hsem.o
 .ARM.attributes
                0x0000000000000297       0x32 ./Drivers/STM32H7xx_HAL_Driver/stm32h7xx_hal_pwr_ex.o
 .ARM.attributes
                0x00000000000002c9       0x32 ./Drivers/STM32H7xx_HAL_Driver/stm32h7xx_hal_rcc.o
 .ARM.attributes
                0x00000000000002fb       0x32 ./Drivers/STM32H7xx_HAL_Driver/stm32h7xx_hal_rcc_ex.o
 .ARM.attributes
                0x000000000000032d       0x32 ./Drivers/STM32H7xx_HAL_Driver/stm32h7xx_hal_spi.o
 .ARM.attributes
                0x000000000000035f       0x32 ./Drivers/STM32H7xx_HAL_Driver/stm32h7xx_hal_tim.o
 .ARM.attributes
                0x0000000000000391       0x32 ./Drivers/STM32H7xx_HAL_Driver/stm32h7xx_hal_tim_ex.o
 .ARM.attributes
                0x00000000000003c3       0x32 ./Drivers/STM32H7xx_HAL_Driver/stm32h7xx_hal_uart.o
 .ARM.attributes
                0x00000000000003f5       0x32 ./Drivers/STM32H7xx_HAL_Driver/stm32h7xx_hal_uart_ex.o
 .ARM.attributes
                0x0000000000000427       0x32 ./Middlewares/Third_Party/FreeRTOS/cmsis_os2.o
 .ARM.attributes
                0x0000000000000459       0x32 ./Middlewares/Third_Party/FreeRTOS/heap_4.o
 .ARM.attributes
                0x000000000000048b       0x32 ./Middlewares/Third_Party/FreeRTOS/list.o
 .ARM.attributes
                0x00000000000004bd       0x32 ./Middlewares/Third_Party/FreeRTOS/port.o
 .ARM.attributes
                0x00000000000004ef       0x32 ./Middlewares/Third_Party/FreeRTOS/queue.o
 .ARM.attributes
                0x0000000000000521       0x32 ./Middlewares/Third_Party/FreeRTOS/tasks.o
 .ARM.attributes
                0x0000000000000553       0x32 ./Middlewares/Third_Party/FreeRTOS/timers.o
 .ARM.attributes
                0x0000000000000585       0x32 c:/st/stm32cubeide_1.11.2/stm32cubeide/plugins/com.st.stm32cube.ide.mcu.externaltools.gnu-tools-for-stm32.10.3-2021.10.win32_1.0.100.202210260954/tools/bin/../lib/gcc/arm-none-eabi/10.3.1/../../../../arm-none-eabi/lib/thumb/v7e-m+dp/hard\libc_nano.a(lib_a-findfp.o)
 .ARM.attributes
                0x00000000000005b7       0x32 c:/st/stm32cubeide_1.11.2/stm32cubeide/plugins/com.st.stm32cube.ide.mcu.externaltools.gnu-tools-for-stm32.10.3-2021.10.win32_1.0.100.202210260954/tools/bin/../lib/gcc/arm-none-eabi/10.3.1/../../../../arm-none-eabi/lib/thumb/v7e-m+dp/hard\libc_nano.a(lib_a-impure.o)
 .ARM.attributes
                0x00000000000005e9       0x32 c:/st/stm32cubeide_1.11.2/stm32cubeide/plugins/com.st.stm32cube.ide.mcu.externaltools.gnu-tools-for-stm32.10.3-2021.10.win32_1.0.100.202210260954/tools/bin/../lib/gcc/arm-none-eabi/10.3.1/../../../../arm-none-eabi/lib/thumb/v7e-m+dp/hard\libc_nano.a(lib_a-init.o)
 .ARM.attributes
                0x000000000000061b       0x32 c:/st/stm32cubeide_1.11.2/stm32cubeide/plugins/com.st.stm32cube.ide.mcu.externaltools.gnu-tools-for-stm32.10.3-2021.10.win32_1.0.100.202210260954/tools/bin/../lib/gcc/arm-none-eabi/10.3.1/../../../../arm-none-eabi/lib/thumb/v7e-m+dp/hard\libc_nano.a(lib_a-lock.o)
 .ARM.attributes
                0x000000000000064d       0x32 c:/st/stm32cubeide_1.11.2/stm32cubeide/plugins/com.st.stm32cube.ide.mcu.externaltools.gnu-tools-for-stm32.10.3-2021.10.win32_1.0.100.202210260954/tools/bin/../lib/gcc/arm-none-eabi/10.3.1/../../../../arm-none-eabi/lib/thumb/v7e-m+dp/hard\libc_nano.a(lib_a-memcpy-stub.o)
 .ARM.attributes
                0x000000000000067f       0x32 c:/st/stm32cubeide_1.11.2/stm32cubeide/plugins/com.st.stm32cube.ide.mcu.externaltools.gnu-tools-for-stm32.10.3-2021.10.win32_1.0.100.202210260954/tools/bin/../lib/gcc/arm-none-eabi/10.3.1/../../../../arm-none-eabi/lib/thumb/v7e-m+dp/hard\libc_nano.a(lib_a-memset.o)
 .ARM.attributes
                0x00000000000006b1       0x32 c:/st/stm32cubeide_1.11.2/stm32cubeide/plugins/com.st.stm32cube.ide.mcu.externaltools.gnu-tools-for-stm32.10.3-2021.10.win32_1.0.100.202210260954/tools/bin/../lib/gcc/arm-none-eabi/10.3.1/../../../../arm-none-eabi/lib/thumb/v7e-m+dp/hard\libc_nano.a(lib_a-nano-freer.o)
 .ARM.attributes
                0x00000000000006e3       0x32 c:/st/stm32cubeide_1.11.2/stm32cubeide/plugins/com.st.stm32cube.ide.mcu.externaltools.gnu-tools-for-stm32.10.3-2021.10.win32_1.0.100.202210260954/tools/bin/../lib/gcc/arm-none-eabi/10.3.1/../../../../arm-none-eabi/lib/thumb/v7e-m+dp/hard\libc_nano.a(lib_a-nano-mallocr.o)
 .ARM.attributes
                0x0000000000000715       0x32 c:/st/stm32cubeide_1.11.2/stm32cubeide/plugins/com.st.stm32cube.ide.mcu.externaltools.gnu-tools-for-stm32.10.3-2021.10.win32_1.0.100.202210260954/tools/bin/../lib/gcc/arm-none-eabi/10.3.1/../../../../arm-none-eabi/lib/thumb/v7e-m+dp/hard\libc_nano.a(lib_a-reent.o)
 .ARM.attributes
                0x0000000000000747       0x32 c:/st/stm32cubeide_1.11.2/stm32cubeide/plugins/com.st.stm32cube.ide.mcu.externaltools.gnu-tools-for-stm32.10.3-2021.10.win32_1.0.100.202210260954/tools/bin/../lib/gcc/arm-none-eabi/10.3.1/../../../../arm-none-eabi/lib/thumb/v7e-m+dp/hard\libc_nano.a(lib_a-mlock.o)
 .ARM.attributes
                0x0000000000000779       0x1e c:/st/stm32cubeide_1.11.2/stm32cubeide/plugins/com.st.stm32cube.ide.mcu.externaltools.gnu-tools-for-stm32.10.3-2021.10.win32_1.0.100.202210260954/tools/bin/../lib/gcc/arm-none-eabi/10.3.1/thumb/v7e-m+dp/hard\libgcc.a(_aeabi_uldivmod.o)
 .ARM.attributes
                0x0000000000000797       0x32 c:/st/stm32cubeide_1.11.2/stm32cubeide/plugins/com.st.stm32cube.ide.mcu.externaltools.gnu-tools-for-stm32.10.3-2021.10.win32_1.0.100.202210260954/tools/bin/../lib/gcc/arm-none-eabi/10.3.1/thumb/v7e-m+dp/hard\libgcc.a(_udivmoddi4.o)
 .ARM.attributes
                0x00000000000007c9       0x1e c:/st/stm32cubeide_1.11.2/stm32cubeide/plugins/com.st.stm32cube.ide.mcu.externaltools.gnu-tools-for-stm32.10.3-2021.10.win32_1.0.100.202210260954/tools/bin/../lib/gcc/arm-none-eabi/10.3.1/thumb/v7e-m+dp/hard\libgcc.a(_dvmd_tls.o)
 .ARM.attributes
                0x00000000000007e7       0x1e c:/st/stm32cubeide_1.11.2/stm32cubeide/plugins/com.st.stm32cube.ide.mcu.externaltools.gnu-tools-for-stm32.10.3-2021.10.win32_1.0.100.202210260954/tools/bin/../lib/gcc/arm-none-eabi/10.3.1/thumb/v7e-m+dp/hard/crtn.o
OUTPUT(test_CM7.elf elf32-littlearm)
LOAD linker stubs
LOAD c:/st/stm32cubeide_1.11.2/stm32cubeide/plugins/com.st.stm32cube.ide.mcu.externaltools.gnu-tools-for-stm32.10.3-2021.10.win32_1.0.100.202210260954/tools/bin/../lib/gcc/arm-none-eabi/10.3.1/../../../../arm-none-eabi/lib/thumb/v7e-m+dp/hard\libc.a
LOAD c:/st/stm32cubeide_1.11.2/stm32cubeide/plugins/com.st.stm32cube.ide.mcu.externaltools.gnu-tools-for-stm32.10.3-2021.10.win32_1.0.100.202210260954/tools/bin/../lib/gcc/arm-none-eabi/10.3.1/../../../../arm-none-eabi/lib/thumb/v7e-m+dp/hard\libm.a
LOAD c:/st/stm32cubeide_1.11.2/stm32cubeide/plugins/com.st.stm32cube.ide.mcu.externaltools.gnu-tools-for-stm32.10.3-2021.10.win32_1.0.100.202210260954/tools/bin/../lib/gcc/arm-none-eabi/10.3.1/thumb/v7e-m+dp/hard\libgcc.a

.debug_info     0x0000000000000000    0x2a015
 .debug_info    0x0000000000000000      0xdca ./Common/Src/system_stm32h7xx_dualcore_boot_cm4_cm7.o
 .debug_info    0x0000000000000dca     0x3170 ./Core/Src/main.o
 .debug_info    0x0000000000003f3a     0x28b2 ./Core/Src/stm32h7xx_hal_msp.o
 .debug_info    0x00000000000067ec     0x1107 ./Core/Src/stm32h7xx_hal_timebase_tim.o
 .debug_info    0x00000000000078f3      0x826 ./Core/Src/stm32h7xx_it.o
 .debug_info    0x0000000000008119      0xf1f ./Core/Src/st7735/st7735.o
 .debug_info    0x0000000000009038       0x22 ./Core/Startup/startup_stm32h745zitx.o
 .debug_info    0x000000000000905a     0x1826 ./Drivers/STM32H7xx_HAL_Driver/stm32h7xx_hal.o
 .debug_info    0x000000000000a880     0x118b ./Drivers/STM32H7xx_HAL_Driver/stm32h7xx_hal_cortex.o
 .debug_info    0x000000000000ba0b     0x2b62 ./Drivers/STM32H7xx_HAL_Driver/stm32h7xx_hal_eth.o
 .debug_info    0x000000000000e56d      0xde0 ./Drivers/STM32H7xx_HAL_Driver/stm32h7xx_hal_gpio.o
 .debug_info    0x000000000000f34d      0x3fd ./Drivers/STM32H7xx_HAL_Driver/stm32h7xx_hal_hsem.o
 .debug_info    0x000000000000f74a     0x12c2 ./Drivers/STM32H7xx_HAL_Driver/stm32h7xx_hal_pwr_ex.o
 .debug_info    0x0000000000010a0c      0xf48 ./Drivers/STM32H7xx_HAL_Driver/stm32h7xx_hal_rcc.o
 .debug_info    0x0000000000011954     0x13b9 ./Drivers/STM32H7xx_HAL_Driver/stm32h7xx_hal_rcc_ex.o
 .debug_info    0x0000000000012d0d     0x159c ./Drivers/STM32H7xx_HAL_Driver/stm32h7xx_hal_spi.o
 .debug_info    0x00000000000142a9     0x2e05 ./Drivers/STM32H7xx_HAL_Driver/stm32h7xx_hal_tim.o
 .debug_info    0x00000000000170ae     0x1928 ./Drivers/STM32H7xx_HAL_Driver/stm32h7xx_hal_tim_ex.o
 .debug_info    0x00000000000189d6     0x4dca ./Drivers/STM32H7xx_HAL_Driver/stm32h7xx_hal_uart.o
 .debug_info    0x000000000001d7a0     0x105a ./Drivers/STM32H7xx_HAL_Driver/stm32h7xx_hal_uart_ex.o
 .debug_info    0x000000000001e7fa     0x46b0 ./Middlewares/Third_Party/FreeRTOS/cmsis_os2.o
 .debug_info    0x0000000000022eaa      0x50b ./Middlewares/Third_Party/FreeRTOS/heap_4.o
 .debug_info    0x00000000000233b5      0x2d1 ./Middlewares/Third_Party/FreeRTOS/list.o
 .debug_info    0x0000000000023686      0x507 ./Middlewares/Third_Party/FreeRTOS/port.o
 .debug_info    0x0000000000023b8d     0x1cbf ./Middlewares/Third_Party/FreeRTOS/queue.o
 .debug_info    0x000000000002584c     0x2b40 ./Middlewares/Third_Party/FreeRTOS/tasks.o
 .debug_info    0x000000000002838c     0x1c89 ./Middlewares/Third_Party/FreeRTOS/timers.o

.debug_abbrev   0x0000000000000000     0x43e5
 .debug_abbrev  0x0000000000000000      0x147 ./Common/Src/system_stm32h7xx_dualcore_boot_cm4_cm7.o
 .debug_abbrev  0x0000000000000147      0x34e ./Core/Src/main.o
 .debug_abbrev  0x0000000000000495      0x254 ./Core/Src/stm32h7xx_hal_msp.o
 .debug_abbrev  0x00000000000006e9      0x206 ./Core/Src/stm32h7xx_hal_timebase_tim.o
 .debug_abbrev  0x00000000000008ef      0x171 ./Core/Src/stm32h7xx_it.o
 .debug_abbrev  0x0000000000000a60      0x2aa ./Core/Src/st7735/st7735.o
 .debug_abbrev  0x0000000000000d0a       0x12 ./Core/Startup/startup_stm32h745zitx.o
 .debug_abbrev  0x0000000000000d1c      0x289 ./Drivers/STM32H7xx_HAL_Driver/stm32h7xx_hal.o
 .debug_abbrev  0x0000000000000fa5      0x329 ./Drivers/STM32H7xx_HAL_Driver/stm32h7xx_hal_cortex.o
 .debug_abbrev  0x00000000000012ce      0x2bd ./Drivers/STM32H7xx_HAL_Driver/stm32h7xx_hal_eth.o
 .debug_abbrev  0x000000000000158b      0x1ec ./Drivers/STM32H7xx_HAL_Driver/stm32h7xx_hal_gpio.o
 .debug_abbrev  0x0000000000001777      0x1d0 ./Drivers/STM32H7xx_HAL_Driver/stm32h7xx_hal_hsem.o
 .debug_abbrev  0x0000000000001947      0x2bc ./Drivers/STM32H7xx_HAL_Driver/stm32h7xx_hal_pwr_ex.o
 .debug_abbrev  0x0000000000001c03      0x2b8 ./Drivers/STM32H7xx_HAL_Driver/stm32h7xx_hal_rcc.o
 .debug_abbrev  0x0000000000001ebb      0x25c ./Drivers/STM32H7xx_HAL_Driver/stm32h7xx_hal_rcc_ex.o
 .debug_abbrev  0x0000000000002117      0x2a2 ./Drivers/STM32H7xx_HAL_Driver/stm32h7xx_hal_spi.o
 .debug_abbrev  0x00000000000023b9      0x264 ./Drivers/STM32H7xx_HAL_Driver/stm32h7xx_hal_tim.o
 .debug_abbrev  0x000000000000261d      0x26c ./Drivers/STM32H7xx_HAL_Driver/stm32h7xx_hal_tim_ex.o
 .debug_abbrev  0x0000000000002889      0x325 ./Drivers/STM32H7xx_HAL_Driver/stm32h7xx_hal_uart.o
 .debug_abbrev  0x0000000000002bae      0x2bd ./Drivers/STM32H7xx_HAL_Driver/stm32h7xx_hal_uart_ex.o
 .debug_abbrev  0x0000000000002e6b      0x529 ./Middlewares/Third_Party/FreeRTOS/cmsis_os2.o
 .debug_abbrev  0x0000000000003394      0x212 ./Middlewares/Third_Party/FreeRTOS/heap_4.o
 .debug_abbrev  0x00000000000035a6       0xf2 ./Middlewares/Third_Party/FreeRTOS/list.o
 .debug_abbrev  0x0000000000003698      0x259 ./Middlewares/Third_Party/FreeRTOS/port.o
 .debug_abbrev  0x00000000000038f1      0x3a1 ./Middlewares/Third_Party/FreeRTOS/queue.o
 .debug_abbrev  0x0000000000003c92      0x3f3 ./Middlewares/Third_Party/FreeRTOS/tasks.o
 .debug_abbrev  0x0000000000004085      0x360 ./Middlewares/Third_Party/FreeRTOS/timers.o

.debug_aranges  0x0000000000000000     0x1d08
 .debug_aranges
                0x0000000000000000       0x28 ./Common/Src/system_stm32h7xx_dualcore_boot_cm4_cm7.o
 .debug_aranges
                0x0000000000000028       0x70 ./Core/Src/main.o
 .debug_aranges
                0x0000000000000098       0x50 ./Core/Src/stm32h7xx_hal_msp.o
 .debug_aranges
                0x00000000000000e8       0x30 ./Core/Src/stm32h7xx_hal_timebase_tim.o
 .debug_aranges
                0x0000000000000118       0x50 ./Core/Src/stm32h7xx_it.o
 .debug_aranges
                0x0000000000000168       0xa8 ./Core/Src/st7735/st7735.o
 .debug_aranges
                0x0000000000000210       0x28 ./Core/Startup/startup_stm32h745zitx.o
 .debug_aranges
                0x0000000000000238      0x200 ./Drivers/STM32H7xx_HAL_Driver/stm32h7xx_hal.o
 .debug_aranges
                0x0000000000000438      0x120 ./Drivers/STM32H7xx_HAL_Driver/stm32h7xx_hal_cortex.o
 .debug_aranges
                0x0000000000000558      0x1d8 ./Drivers/STM32H7xx_HAL_Driver/stm32h7xx_hal_eth.o
 .debug_aranges
                0x0000000000000730       0x58 ./Drivers/STM32H7xx_HAL_Driver/stm32h7xx_hal_gpio.o
 .debug_aranges
                0x0000000000000788       0x70 ./Drivers/STM32H7xx_HAL_Driver/stm32h7xx_hal_hsem.o
 .debug_aranges
                0x00000000000007f8      0x170 ./Drivers/STM32H7xx_HAL_Driver/stm32h7xx_hal_pwr_ex.o
 .debug_aranges
                0x0000000000000968       0x88 ./Drivers/STM32H7xx_HAL_Driver/stm32h7xx_hal_rcc.o
 .debug_aranges
                0x00000000000009f0      0x100 ./Drivers/STM32H7xx_HAL_Driver/stm32h7xx_hal_rcc_ex.o
 .debug_aranges
                0x0000000000000af0      0x1a8 ./Drivers/STM32H7xx_HAL_Driver/stm32h7xx_hal_spi.o
 .debug_aranges
                0x0000000000000c98      0x3e0 ./Drivers/STM32H7xx_HAL_Driver/stm32h7xx_hal_tim.o
 .debug_aranges
                0x0000000000001078      0x188 ./Drivers/STM32H7xx_HAL_Driver/stm32h7xx_hal_tim_ex.o
 .debug_aranges
                0x0000000000001200      0x248 ./Drivers/STM32H7xx_HAL_Driver/stm32h7xx_hal_uart.o
 .debug_aranges
                0x0000000000001448       0xa8 ./Drivers/STM32H7xx_HAL_Driver/stm32h7xx_hal_uart_ex.o
 .debug_aranges
                0x00000000000014f0      0x2b0 ./Middlewares/Third_Party/FreeRTOS/cmsis_os2.o
 .debug_aranges
                0x00000000000017a0       0x58 ./Middlewares/Third_Party/FreeRTOS/heap_4.o
 .debug_aranges
                0x00000000000017f8       0x40 ./Middlewares/Third_Party/FreeRTOS/list.o
 .debug_aranges
                0x0000000000001838       0x80 ./Middlewares/Third_Party/FreeRTOS/port.o
 .debug_aranges
                0x00000000000018b8      0x158 ./Middlewares/Third_Party/FreeRTOS/queue.o
 .debug_aranges
                0x0000000000001a10      0x208 ./Middlewares/Third_Party/FreeRTOS/tasks.o
 .debug_aranges
                0x0000000000001c18       0xf0 ./Middlewares/Third_Party/FreeRTOS/timers.o

.debug_ranges   0x0000000000000000     0x1b90
 .debug_ranges  0x0000000000000000       0x18 ./Common/Src/system_stm32h7xx_dualcore_boot_cm4_cm7.o
 .debug_ranges  0x0000000000000018       0x60 ./Core/Src/main.o
 .debug_ranges  0x0000000000000078       0x40 ./Core/Src/stm32h7xx_hal_msp.o
 .debug_ranges  0x00000000000000b8       0x20 ./Core/Src/stm32h7xx_hal_timebase_tim.o
 .debug_ranges  0x00000000000000d8       0x40 ./Core/Src/stm32h7xx_it.o
 .debug_ranges  0x0000000000000118       0x98 ./Core/Src/st7735/st7735.o
 .debug_ranges  0x00000000000001b0       0x20 ./Core/Startup/startup_stm32h745zitx.o
 .debug_ranges  0x00000000000001d0      0x1f0 ./Drivers/STM32H7xx_HAL_Driver/stm32h7xx_hal.o
 .debug_ranges  0x00000000000003c0      0x110 ./Drivers/STM32H7xx_HAL_Driver/stm32h7xx_hal_cortex.o
 .debug_ranges  0x00000000000004d0      0x1c8 ./Drivers/STM32H7xx_HAL_Driver/stm32h7xx_hal_eth.o
 .debug_ranges  0x0000000000000698       0x48 ./Drivers/STM32H7xx_HAL_Driver/stm32h7xx_hal_gpio.o
 .debug_ranges  0x00000000000006e0       0x60 ./Drivers/STM32H7xx_HAL_Driver/stm32h7xx_hal_hsem.o
 .debug_ranges  0x0000000000000740      0x160 ./Drivers/STM32H7xx_HAL_Driver/stm32h7xx_hal_pwr_ex.o
 .debug_ranges  0x00000000000008a0       0x78 ./Drivers/STM32H7xx_HAL_Driver/stm32h7xx_hal_rcc.o
 .debug_ranges  0x0000000000000918       0xf0 ./Drivers/STM32H7xx_HAL_Driver/stm32h7xx_hal_rcc_ex.o
 .debug_ranges  0x0000000000000a08      0x198 ./Drivers/STM32H7xx_HAL_Driver/stm32h7xx_hal_spi.o
 .debug_ranges  0x0000000000000ba0      0x3d0 ./Drivers/STM32H7xx_HAL_Driver/stm32h7xx_hal_tim.o
 .debug_ranges  0x0000000000000f70      0x178 ./Drivers/STM32H7xx_HAL_Driver/stm32h7xx_hal_tim_ex.o
 .debug_ranges  0x00000000000010e8      0x268 ./Drivers/STM32H7xx_HAL_Driver/stm32h7xx_hal_uart.o
 .debug_ranges  0x0000000000001350       0x98 ./Drivers/STM32H7xx_HAL_Driver/stm32h7xx_hal_uart_ex.o
 .debug_ranges  0x00000000000013e8      0x2a0 ./Middlewares/Third_Party/FreeRTOS/cmsis_os2.o
 .debug_ranges  0x0000000000001688       0x48 ./Middlewares/Third_Party/FreeRTOS/heap_4.o
 .debug_ranges  0x00000000000016d0       0x30 ./Middlewares/Third_Party/FreeRTOS/list.o
 .debug_ranges  0x0000000000001700       0x70 ./Middlewares/Third_Party/FreeRTOS/port.o
 .debug_ranges  0x0000000000001770      0x148 ./Middlewares/Third_Party/FreeRTOS/queue.o
 .debug_ranges  0x00000000000018b8      0x1f8 ./Middlewares/Third_Party/FreeRTOS/tasks.o
 .debug_ranges  0x0000000000001ab0       0xe0 ./Middlewares/Third_Party/FreeRTOS/timers.o

.debug_macro    0x0000000000000000    0x3d61a
 .debug_macro   0x0000000000000000      0x2d6 ./Common/Src/system_stm32h7xx_dualcore_boot_cm4_cm7.o
 .debug_macro   0x00000000000002d6      0xa96 ./Common/Src/system_stm32h7xx_dualcore_boot_cm4_cm7.o
 .debug_macro   0x0000000000000d6c       0x2e ./Common/Src/system_stm32h7xx_dualcore_boot_cm4_cm7.o
 .debug_macro   0x0000000000000d9a       0x49 ./Common/Src/system_stm32h7xx_dualcore_boot_cm4_cm7.o
 .debug_macro   0x0000000000000de3       0x22 ./Common/Src/system_stm32h7xx_dualcore_boot_cm4_cm7.o
 .debug_macro   0x0000000000000e05       0x8e ./Common/Src/system_stm32h7xx_dualcore_boot_cm4_cm7.o
 .debug_macro   0x0000000000000e93       0x51 ./Common/Src/system_stm32h7xx_dualcore_boot_cm4_cm7.o
 .debug_macro   0x0000000000000ee4      0x103 ./Common/Src/system_stm32h7xx_dualcore_boot_cm4_cm7.o
 .debug_macro   0x0000000000000fe7       0x6a ./Common/Src/system_stm32h7xx_dualcore_boot_cm4_cm7.o
 .debug_macro   0x0000000000001051      0x1df ./Common/Src/system_stm32h7xx_dualcore_boot_cm4_cm7.o
 .debug_macro   0x0000000000001230       0x1c ./Common/Src/system_stm32h7xx_dualcore_boot_cm4_cm7.o
 .debug_macro   0x000000000000124c       0x22 ./Common/Src/system_stm32h7xx_dualcore_boot_cm4_cm7.o
 .debug_macro   0x000000000000126e       0xfb ./Common/Src/system_stm32h7xx_dualcore_boot_cm4_cm7.o
 .debug_macro   0x0000000000001369     0x1305 ./Common/Src/system_stm32h7xx_dualcore_boot_cm4_cm7.o
 .debug_macro   0x000000000000266e      0x11f ./Common/Src/system_stm32h7xx_dualcore_boot_cm4_cm7.o
 .debug_macro   0x000000000000278d       0x27 ./Common/Src/system_stm32h7xx_dualcore_boot_cm4_cm7.o