../Core/Src/main.c:113:5:main	16	static
../Core/Src/main.c:231:6:SystemClock_Config	120	static
../Core/Src/main.c:288:13:MX_ETH_Init	8	static
../Core/Src/main.c:336:13:MX_SPI1_Init	8	static
../Core/Src/main.c:384:13:MX_USART3_UART_Init	8	static
../Core/Src/main.c:429:13:MX_GPIO_Init	56	static
../Core/Src/main.c:510:6:StartDefaultTask	16	static
../Core/Src/main.c:529:6:StartTask02	24	static
../Core/Src/main.c:549:6:StartTask03	16	static
../Core/Src/main.c:567:6:HAL_TIM_PeriodElapsedCallback	16	static
../Core/Src/main.c:583:6:Error_Handler	4	static,ignoring_inline_asm
